[2026-04-21T06:51:37Z] === ENRICH ITERATION 5 START | repo=antlr/antlr4 sha=39e17190 ===
[2026-04-21T06:51:37Z] [iter=5] PHASE START: enrich repo=antlr/antlr4 sha=39e17190 runlog=/home/runner/work/forx/forx/storage/aggregate/lsp/logs/39e17190-enrich-iter-005.log output=/home/runner/work/forx/forx/storage/aggregate/lsp/39e1719064f0b842884fa6afbe6848f027598b8e.nq.gz
[2026-04-21T06:51:37Z] [iter=5] Step 1: Loading AST into disk-backed store mem_mb=77 MB
[2026-04-21T06:52:52Z] [iter=5] AST store loaded triples=7788804 load_secs=71 mem_mb=1069 MB
[2026-04-21T06:52:52Z] [iter=5] Step 2: Finding LSP targets mem_mb=1069 MB
[2026-04-21T06:53:19Z] [iter=5] LSP targets found call_sites=47460 imports=5856 extends=992 implements=0 secs=27
[2026-04-21T06:53:24Z] [iter=5] Loaded checkpoint partial graph triples=131379
[2026-04-21T06:53:50Z] [iter=5] Step 2.7: Building position index (one-shot, shared across resolvers) mem_mb=1069 MB
[2026-04-21T06:54:36Z] [iter=5] Position index built positions=526915 nodes_with_types=638098 secs=45 mem_mb=1733 MB
[2026-04-21T06:54:36Z] [iter=5] Step 3: Starting LSP resolution mem_mb=1733 MB already_completed_types=[] already_completed_files=497
[2026-04-21T06:54:36Z] [iter=5] Resolving target type target_type=call_site count=47460
[2026-04-21T06:54:53Z] [iter=5] HEARTBEAT target_type=call_site elapsed_min=3.3 files_done=0 resolved=0 errors=47460 current=runtime/Java/src/org/antlr/v4/runtime/tree/IterativeParseTreeWalker.java
[2026-04-21T06:55:40Z] [iter=5] HEARTBEAT target_type=call_site elapsed_min=4.0 files_done=1 resolved=0 errors=47473 current=runtime/Java/src/org/antlr/v4/runtime/atn/PredictionMode.java
[2026-04-21T06:57:42Z] [iter=5] HEARTBEAT target_type=call_site elapsed_min=6.1 files_done=2 resolved=0 errors=47511 current=runtime-testsuite/test/org/antlr/v4/test/runtime/go/GoRunner.java
[2026-04-21T07:03:15Z] [iter=5] HEARTBEAT target_type=call_site elapsed_min=11.6 files_done=5 resolved=0 errors=47615 current=tool/src/org/antlr/v4/tool/ast/RuleAST.java
[2026-04-21T07:07:27Z] [iter=5] HEARTBEAT target_type=call_site elapsed_min=15.8 files_done=7 resolved=6 errors=47692 current=tool/src/org/antlr/v4/automata/RangeBorderCharactersData.java
[2026-04-21T07:09:43Z] [iter=5] HEARTBEAT target_type=call_site elapsed_min=18.1 files_done=9 resolved=18 errors=47734 current=runtime/Java/src/org/antlr/v4/runtime/misc/FlexibleHashMap.java
[2026-04-21T07:12:25Z] [iter=5] HEARTBEAT target_type=call_site elapsed_min=20.8 files_done=10 resolved=22 errors=47781 current=tool-testsuite/test/org/antlr/v4/test/tool/TestUtils.java
[2026-04-21T07:14:30Z] [iter=5] HEARTBEAT target_type=call_site elapsed_min=22.9 files_done=11 resolved=43 errors=47820 current=runtime/Java/src/org/antlr/v4/runtime/Parser.java
[2026-04-21T07:23:16Z] [iter=5] HEARTBEAT target_type=call_site elapsed_min=31.6 files_done=12 resolved=47 errors=47984 current=tool/src/org/antlr/v4/misc/EscapeSequenceParsing.java
[2026-04-21T07:24:58Z] [iter=5] HEARTBEAT target_type=call_site elapsed_min=33.3 files_done=13 resolved=55 errors=48016 current=runtime-testsuite/test/org/antlr/v4/test/runtime/java/JavaRunner.java
[2026-04-21T07:28:29Z] [iter=5] HEARTBEAT target_type=call_site elapsed_min=36.9 files_done=15 resolved=56 errors=48082 current=runtime/Java/src/org/antlr/v4/runtime/CodePointBuffer.java
[2026-04-21T07:34:38Z] [iter=5] HEARTBEAT target_type=call_site elapsed_min=43.0 files_done=16 resolved=74 errors=48197 current=runtime-testsuite/test/org/antlr/v4/test/runtime/python/PythonRunner.java
[2026-04-21T07:36:57Z] [iter=5] HEARTBEAT target_type=call_site elapsed_min=45.3 files_done=19 resolved=74 errors=48240 current=runtime/Java/src/org/antlr/v4/runtime/misc/IntegerStack.java
[2026-04-21T07:41:50Z] [iter=5] HEARTBEAT target_type=call_site elapsed_min=50.2 files_done=21 resolved=94 errors=48331 current=tool/src/org/antlr/v4/parse/GrammarToken.java
[2026-04-21T07:42:35Z] [iter=5] HEARTBEAT target_type=call_site elapsed_min=51.0 files_done=22 resolved=101 errors=48345 current=tool/src/org/antlr/v4/gui/GraphicsSupport.java
[2026-04-21T07:44:08Z] [iter=5] HEARTBEAT target_type=call_site elapsed_min=52.5 files_done=23 resolved=107 errors=48374 current=tool/src/org/antlr/v4/codegen/model/Choice.java
[2026-04-21T07:44:57Z] [iter=5] HEARTBEAT target_type=call_site elapsed_min=53.3 files_done=24 resolved=107 errors=48389 current=runtime-testsuite/test/org/antlr/v4/test/runtime/dart/DartRunner.java
[2026-04-21T07:47:09Z] [iter=5] HEARTBEAT target_type=call_site elapsed_min=55.5 files_done=26 resolved=116 errors=48430 current=tool/src/org/antlr/v4/codegen/model/Recognizer.java
[2026-04-21T07:48:33Z] [iter=5] HEARTBEAT target_type=call_site elapsed_min=56.9 files_done=27 resolved=118 errors=48456 current=runtime/Java/src/org/antlr/v4/runtime/DiagnosticErrorListener.java
[2026-04-21T07:49:35Z] [iter=5] HEARTBEAT target_type=call_site elapsed_min=58.0 files_done=28 resolved=124 errors=48475 current=tool/src/org/antlr/v4/tool/ANTLRMessage.java
[2026-04-21T07:50:23Z] [iter=5] HEARTBEAT target_type=call_site elapsed_min=58.8 files_done=29 resolved=125 errors=48490 current=tool/src/org/antlr/v4/parse/TokenVocabParser.java
[2026-04-21T07:52:03Z] [iter=5] HEARTBEAT target_type=call_site elapsed_min=60.4 files_done=30 resolved=128 errors=48521 current=tool/src/org/antlr/v4/semantics/ActionSniffer.java
[2026-04-21T07:53:24Z] [iter=5] HEARTBEAT target_type=call_site elapsed_min=61.8 files_done=31 resolved=128 errors=48546 current=tool/src/org/antlr/v4/codegen/OutputModelWalker.java
[2026-04-21T07:55:07Z] [iter=5] HEARTBEAT target_type=call_site elapsed_min=63.5 files_done=32 resolved=129 errors=48578 current=runtime/Java/src/org/antlr/v4/runtime/NoViableAltException.java
[2026-04-21T07:56:22Z] [iter=5] HEARTBEAT target_type=call_site elapsed_min=64.7 files_done=34 resolved=132 errors=48601 current=runtime/Java/src/org/antlr/v4/runtime/atn/SetTransition.java
[2026-04-21T08:00:50Z] [iter=5] HEARTBEAT target_type=call_site elapsed_min=69.2 files_done=38 resolved=140 errors=48684 current=tool-testsuite/test/org/antlr/v4/test/tool/TestParserExec.java
[2026-04-21T08:03:14Z] [iter=5] HEARTBEAT target_type=call_site elapsed_min=71.6 files_done=41 resolved=186 errors=48729 current=tool/src/org/antlr/v4/codegen/model/decl/Decl.java
[2026-04-21T08:05:06Z] [iter=5] HEARTBEAT target_type=call_site elapsed_min=73.5 files_done=43 resolved=189 errors=48764 current=tool-testsuite/test/org/antlr/v4/test/tool/TestFastQueue.java
[2026-04-21T08:07:39Z] [iter=5] HEARTBEAT target_type=call_site elapsed_min=76.0 files_done=44 resolved=197 errors=48812 current=tool/src/org/antlr/v4/tool/ast/GrammarRootAST.java
[2026-04-21T08:08:38Z] [iter=5] HEARTBEAT target_type=call_site elapsed_min=77.0 files_done=46 resolved=199 errors=48830 current=runtime-testsuite/test/org/antlr/v4/test/runtime/ErrorQueue.java
[2026-04-21T08:10:14Z] [iter=5] HEARTBEAT target_type=call_site elapsed_min=78.6 files_done=48 resolved=202 errors=48860 current=runtime/Java/src/org/antlr/v4/runtime/Recognizer.java
[2026-04-21T08:11:54Z] [iter=5] HEARTBEAT target_type=call_site elapsed_min=80.3 files_done=49 resolved=205 errors=48891 current=tool/src/org/antlr/v4/codegen/target/CSharpTarget.java
[2026-04-21T08:12:30Z] [iter=5] HEARTBEAT target_type=call_site elapsed_min=80.9 files_done=50 resolved=207 errors=48902 current=runtime/Java/src/org/antlr/v4/runtime/atn/LexerCustomAction.java
[2026-04-21T08:19:25Z] [iter=5] HEARTBEAT target_type=call_site elapsed_min=87.8 files_done=52 resolved=212 errors=49031 current=tool/src/org/antlr/v4/automata/TailEpsilonRemover.java
[2026-04-21T08:20:04Z] [iter=5] HEARTBEAT target_type=call_site elapsed_min=88.4 files_done=53 resolved=212 errors=49043 current=tool-testsuite/test/org/antlr/v4/test/tool/TestLexerActions.java
[2026-04-21T08:20:49Z] [iter=5] HEARTBEAT target_type=call_site elapsed_min=89.2 files_done=54 resolved=226 errors=49057 current=runtime/Java/src/org/antlr/v4/runtime/misc/MurmurHash.java
[2026-04-21T08:21:23Z] [iter=5] HEARTBEAT target_type=call_site elapsed_min=89.8 files_done=55 resolved=226 errors=49063 current=tool/src/org/antlr/v4/codegen/model/LL1AltBlock.java
[2026-04-21T08:22:05Z] [iter=5] HEARTBEAT target_type=call_site elapsed_min=90.5 files_done=57 resolved=231 errors=49076 current=tool-testsuite/test/org/antlr/v4/test/tool/TestGrammarParserInterpreter.java
[2026-04-21T08:23:04Z] [iter=5] HEARTBEAT target_type=call_site elapsed_min=91.4 files_done=58 resolved=232 errors=49094 current=runtime/Java/src/org/antlr/v4/runtime/RuntimeMetaData.java
[2026-04-21T08:23:46Z] [iter=5] HEARTBEAT target_type=call_site elapsed_min=92.1 files_done=59 resolved=236 errors=49107 current=runtime/Java/src/org/antlr/v4/runtime/tree/xpath/XPath.java
[2026-04-21T08:25:20Z] [iter=5] HEARTBEAT target_type=call_site elapsed_min=93.7 files_done=60 resolved=238 errors=49136 current=runtime/Java/src/org/antlr/v4/runtime/atn/ATN.java
[2026-04-21T08:26:40Z] [iter=5] HEARTBEAT target_type=call_site elapsed_min=95.0 files_done=61 resolved=238 errors=49161 current=runtime/Java/src/org/antlr/v4/runtime/UnbufferedTokenStream.java
[2026-04-21T08:28:08Z] [iter=5] HEARTBEAT target_type=call_site elapsed_min=96.5 files_done=62 resolved=241 errors=49188 current=tool/src/org/antlr/v4/codegen/model/ListenerFile.java
[2026-04-21T08:28:57Z] [iter=5] HEARTBEAT target_type=call_site elapsed_min=97.3 files_done=63 resolved=241 errors=49203 current=tool/src/org/antlr/v4/misc/FrequencySet.java
[2026-04-21T08:31:38Z] [iter=5] HEARTBEAT target_type=call_site elapsed_min=100.0 files_done=66 resolved=245 errors=49253 current=tool/src/org/antlr/v4/codegen/target/PHPTarget.java
[2026-04-21T08:32:10Z] [iter=5] HEARTBEAT target_type=call_site elapsed_min=100.5 files_done=67 resolved=248 errors=49263 current=runtime/Java/src/org/antlr/v4/runtime/atn/DecisionInfo.java
[2026-04-21T08:33:02Z] [iter=5] HEARTBEAT target_type=call_site elapsed_min=101.4 files_done=71 resolved=250 errors=49279 current=runtime/Java/src/org/antlr/v4/runtime/tree/xpath/XPathLexer.java
[2026-04-21T08:34:55Z] [iter=5] HEARTBEAT target_type=call_site elapsed_min=103.3 files_done=72 resolved=253 errors=49314 current=runtime/Java/src/org/antlr/v4/runtime/InputMismatchException.java
[2026-04-21T08:36:10Z] [iter=5] HEARTBEAT target_type=call_site elapsed_min=104.5 files_done=75 resolved=262 errors=49337 current=tool/src/org/antlr/v4/codegen/model/TestSetInline.java
[2026-04-21T08:36:45Z] [iter=5] HEARTBEAT target_type=call_site elapsed_min=105.1 files_done=76 resolved=262 errors=49348 current=tool/src/org/antlr/v4/codegen/UnicodeEscapes.java
[2026-04-21T08:37:40Z] [iter=5] HEARTBEAT target_type=call_site elapsed_min=106.0 files_done=78 resolved=274 errors=49365 current=antlr4-maven-plugin/src/main/java/org/antlr/mojo/antlr4/Antlr4ErrorLog.java
[2026-04-21T08:38:47Z] [iter=5] HEARTBEAT target_type=call_site elapsed_min=107.2 files_done=79 resolved=274 errors=49386 current=tool/src/org/antlr/v4/tool/LabelElementPair.java
[2026-04-21T08:39:29Z] [iter=5] HEARTBEAT target_type=call_site elapsed_min=107.9 files_done=81 resolved=274 errors=49399 current=tool-testsuite/test/org/antlr/v4/test/tool/TestToolSyntaxErrors.java
[2026-04-21T08:41:57Z] [iter=5] HEARTBEAT target_type=call_site elapsed_min=110.3 files_done=82 resolved=275 errors=49445 current=runtime/Java/src/org/antlr/v4/runtime/ListTokenSource.java
[2026-04-21T08:44:24Z] [iter=5] HEARTBEAT target_type=call_site elapsed_min=112.8 files_done=83 resolved=276 errors=49491 current=tool/src/org/antlr/v4/semantics/RuleCollector.java
[2026-04-21T08:46:21Z] [iter=5] HEARTBEAT target_type=call_site elapsed_min=114.7 files_done=84 resolved=277 errors=49527 current=tool-testsuite/test/org/antlr/v4/test/tool/TestTopologicalSort.java
[2026-04-21T08:48:19Z] [iter=5] HEARTBEAT target_type=call_site elapsed_min=116.7 files_done=85 resolved=282 errors=49564 current=tool/src/org/antlr/v4/codegen/model/decl/StructDecl.java
[2026-04-21T08:49:37Z] [iter=5] HEARTBEAT target_type=call_site elapsed_min=118.0 files_done=86 resolved=282 errors=49588 current=runtime/Java/src/org/antlr/v4/runtime/atn/LexerActionExecutor.java
[2026-04-21T08:50:12Z] [iter=5] HEARTBEAT target_type=call_site elapsed_min=118.6 files_done=87 resolved=284 errors=49599 current=runtime-testsuite/test/org/antlr/v4/test/runtime/java/TestInterpreterDataReader.java
[2026-04-21T08:51:58Z] [iter=5] HEARTBEAT target_type=call_site elapsed_min=120.3 files_done=90 resolved=284 errors=49632 current=runtime/Java/src/org/antlr/v4/runtime/misc/ObjectEqualityComparator.java
[2026-04-21T08:52:46Z] [iter=5] HEARTBEAT target_type=call_site elapsed_min=121.1 files_done=92 resolved=285 errors=49647 current=tool/src/org/antlr/v4/gui/TreeLayoutAdaptor.java
[2026-04-21T08:53:21Z] [iter=5] HEARTBEAT target_type=call_site elapsed_min=121.7 files_done=93 resolved=285 errors=49658 current=tool/src/org/antlr/v4/tool/AttributeDict.java
[2026-04-21T08:54:13Z] [iter=5] HEARTBEAT target_type=call_site elapsed_min=122.6 files_done=94 resolved=286 errors=49674 current=tool/src/org/antlr/v4/codegen/target/Python2Target.java
[2026-04-21T08:54:45Z] [iter=5] HEARTBEAT target_type=call_site elapsed_min=123.1 files_done=95 resolved=287 errors=49684 current=runtime/Java/src/org/antlr/v4/runtime/dfa/LexerDFASerializer.java
[2026-04-21T08:55:20Z] [iter=5] HEARTBEAT target_type=call_site elapsed_min=123.7 files_done=99 resolved=289 errors=49695 current=tool/src/org/antlr/v4/codegen/DefaultOutputModelFactory.java
[2026-04-21T08:55:59Z] [iter=5] HEARTBEAT target_type=call_site elapsed_min=124.4 files_done=100 resolved=290 errors=49707 current=tool-testsuite/test/org/antlr/v4/test/tool/TestLeftRecursionToolIssues.java
[2026-04-21T08:57:03Z] [iter=5] HEARTBEAT target_type=call_site elapsed_min=125.4 files_done=102 resolved=291 errors=49727 current=runtime/Java/src/org/antlr/v4/runtime/atn/LexerTypeAction.java
[2026-04-21T08:57:44Z] [iter=5] HEARTBEAT target_type=call_site elapsed_min=126.1 files_done=103 resolved=292 errors=49734 current=runtime-testsuite/test/org/antlr/v4/test/runtime/swift/SwiftRunner.java
[2026-04-21T08:58:16Z] [iter=5] HEARTBEAT target_type=call_site elapsed_min=126.7 files_done=107 resolved=296 errors=49744 current=tool/src/org/antlr/v4/tool/Alternative.java
[2026-04-21T08:59:43Z] [iter=5] HEARTBEAT target_type=call_site elapsed_min=128.1 files_done=108 resolved=296 errors=49771 current=runtime/Java/src/org/antlr/v4/runtime/dfa/DFA.java
[2026-04-21T09:00:35Z] [iter=5] HEARTBEAT target_type=call_site elapsed_min=129.0 files_done=110 resolved=298 errors=49787 current=runtime/Java/src/org/antlr/v4/runtime/tree/pattern/TagChunk.java
[2026-04-21T09:01:17Z] [iter=5] HEARTBEAT target_type=call_site elapsed_min=129.7 files_done=112 resolved=299 errors=49800 current=runtime-testsuite/test/org/antlr/v4/test/runtime/python3/Python3Runner.java
[2026-04-21T09:01:49Z] [iter=5] HEARTBEAT target_type=call_site elapsed_min=130.2 files_done=115 resolved=299 errors=49810 current=tool-testsuite/test/org/antlr/v4/test/tool/MockIntTokenStream.java
[2026-04-21T09:03:02Z] [iter=5] HEARTBEAT target_type=call_site elapsed_min=131.4 files_done=118 resolved=305 errors=49823 current=tool-testsuite/test/org/antlr/v4/test/tool/ParserInterpreterForTesting.java
[2026-04-21T09:03:35Z] [iter=5] HEARTBEAT target_type=call_site elapsed_min=132.0 files_done=119 resolved=305 errors=49833 current=tool-testsuite/test/org/antlr/v4/test/tool/TestAttributeChecks.java
[2026-04-21T09:04:20Z] [iter=5] HEARTBEAT target_type=call_site elapsed_min=132.7 files_done=120 resolved=305 errors=49847 current=tool/src/org/antlr/v4/codegen/target/CppTarget.java
[2026-04-21T09:05:37Z] [iter=5] HEARTBEAT target_type=call_site elapsed_min=134.0 files_done=121 resolved=311 errors=49871 current=runtime/Java/src/org/antlr/v4/runtime/misc/Pair.java
[2026-04-21T09:06:15Z] [iter=5] HEARTBEAT target_type=call_site elapsed_min=134.6 files_done=123 resolved=312 errors=49883 current=runtime-testsuite/test/org/antlr/v4/test/runtime/javascript/NodeRunner.java
[2026-04-21T09:07:00Z] [iter=5] HEARTBEAT target_type=call_site elapsed_min=135.4 files_done=126 resolved=325 errors=49897 current=runtime/Java/src/org/antlr/v4/runtime/atn/LexerPushModeAction.java
[2026-04-21T09:07:42Z] [iter=5] HEARTBEAT target_type=call_site elapsed_min=136.1 files_done=128 resolved=326 errors=49910 current=runtime/Java/src/org/antlr/v4/runtime/atn/SingletonPredictionContext.java
[2026-04-21T09:09:21Z] [iter=5] HEARTBEAT target_type=call_site elapsed_min=137.7 files_done=130 resolved=329 errors=49941 current=runtime-testsuite/test/org/antlr/v4/test/runtime/RuntimeTestDescriptor.java
[2026-04-21T09:09:57Z] [iter=5] HEARTBEAT target_type=call_site elapsed_min=138.3 files_done=134 resolved=329 errors=49952 current=tool/src/org/antlr/v4/tool/ast/GrammarASTErrorNode.java
[2026-04-21T09:10:32Z] [iter=5] HEARTBEAT target_type=call_site elapsed_min=138.9 files_done=136 resolved=330 errors=49963 current=tool-testsuite/test/org/antlr/v4/test/tool/TestEscapeSequenceParsing.java
[2026-04-21T09:11:36Z] [iter=5] HEARTBEAT target_type=call_site elapsed_min=140.0 files_done=137 resolved=347 errors=49983 current=runtime/Java/src/org/antlr/v4/runtime/atn/ParseInfo.java
[2026-04-21T09:12:12Z] [iter=5] HEARTBEAT target_type=call_site elapsed_min=140.6 files_done=138 resolved=347 errors=49994 current=tool-testsuite/test/org/antlr/v4/test/tool/InterpreterTreeTextProvider.java
[2026-04-21T09:12:47Z] [iter=5] HEARTBEAT target_type=call_site elapsed_min=141.2 files_done=140 resolved=349 errors=50005 current=runtime/Java/src/org/antlr/v4/runtime/ConsoleErrorListener.java
[2026-04-21T09:14:01Z] [iter=5] HEARTBEAT target_type=call_site elapsed_min=142.4 files_done=143 resolved=350 errors=50028 current=runtime/Java/src/org/antlr/v4/runtime/atn/AtomTransition.java
[2026-04-21T09:14:40Z] [iter=5] HEARTBEAT target_type=call_site elapsed_min=143.0 files_done=145 resolved=353 errors=50037 current=tool/src/org/antlr/v4/codegen/model/decl/CodeBlock.java
[2026-04-21T09:15:22Z] [iter=5] HEARTBEAT target_type=call_site elapsed_min=143.7 files_done=147 resolved=357 errors=50050 current=runtime/Java/src/org/antlr/v4/runtime/misc/TestRig.java
[2026-04-21T09:15:58Z] [iter=5] HEARTBEAT target_type=call_site elapsed_min=144.3 files_done=149 resolved=362 errors=50061 current=tool/src/org/antlr/v4/codegen/model/LexerFile.java
[2026-04-21T09:16:56Z] [iter=5] HEARTBEAT target_type=call_site elapsed_min=145.3 files_done=151 resolved=362 errors=50079 current=runtime/Java/src/org/antlr/v4/runtime/tree/xpath/XPathWildcardElement.java
[2026-04-21T09:17:58Z] [iter=5] HEARTBEAT target_type=call_site elapsed_min=146.3 files_done=154 resolved=362 errors=50098 current=runtime/Java/src/org/antlr/v4/runtime/atn/LexerSkipAction.java
[2026-04-21T09:18:43Z] [iter=5] HEARTBEAT target_type=call_site elapsed_min=147.1 files_done=156 resolved=363 errors=50112 current=tool/src/org/antlr/v4/codegen/model/ThrowRecognitionException.java
[2026-04-21T09:19:19Z] [iter=5] HEARTBEAT target_type=call_site elapsed_min=147.7 files_done=162 resolved=363 errors=50123 current=tool/src/org/antlr/v4/codegen/model/MatchSet.java
[2026-04-21T09:19:51Z] [iter=5] HEARTBEAT target_type=call_site elapsed_min=148.2 files_done=165 resolved=363 errors=50133 current=tool/src/org/antlr/v4/codegen/model/MatchToken.java
[2026-04-21T09:20:30Z] [iter=5] HEARTBEAT target_type=call_site elapsed_min=148.9 files_done=167 resolved=363 errors=50145 current=runtime/Java/src/org/antlr/v4/runtime/tree/ParseTreeWalker.java
[2026-04-21T09:21:11Z] [iter=5] HEARTBEAT target_type=call_site elapsed_min=149.6 files_done=168 resolved=363 errors=50158 current=tool/src/org/antlr/v4/parse/ToolANTLRLexer.java
[2026-04-21T09:21:44Z] [iter=5] HEARTBEAT target_type=call_site elapsed_min=150.1 files_done=171 resolved=367 errors=50168 current=runtime/Java/src/org/antlr/v4/runtime/atn/PredictionContextCache.java
[2026-04-21T09:22:44Z] [iter=5] HEARTBEAT target_type=call_site elapsed_min=151.1 files_done=173 resolved=368 errors=50172 current=tool/src/org/antlr/v4/parse/ToolANTLRParser.java
[2026-04-21T09:23:36Z] [iter=5] HEARTBEAT target_type=call_site elapsed_min=152.0 files_done=176 resolved=369 errors=50188 current=tool/src/org/antlr/v4/codegen/model/Loop.java
[2026-04-21T09:24:12Z] [iter=5] HEARTBEAT target_type=call_site elapsed_min=152.6 files_done=180 resolved=369 errors=50199 current=runtime/Java/src/org/antlr/v4/runtime/tree/xpath/XPathTokenAnywhereElement.java
[2026-04-21T09:25:16Z] [iter=5] HEARTBEAT target_type=call_site elapsed_min=153.7 files_done=184 resolved=384 errors=50219 current=tool-testsuite/test/org/antlr/v4/test/tool/TestScopeParsing.java
[2026-04-21T09:26:40Z] [iter=5] HEARTBEAT target_type=call_site elapsed_min=155.0 files_done=186 resolved=385 errors=50234 current=tool/src/org/antlr/v4/misc/MutableInt.java
[2026-04-21T09:27:16Z] [iter=5] HEARTBEAT target_type=call_site elapsed_min=155.6 files_done=198 resolved=386 errors=50245 current=runtime-testsuite/test/org/antlr/v4/test/runtime/RunOptions.java
[2026-04-21T09:27:49Z] [iter=5] HEARTBEAT target_type=call_site elapsed_min=156.2 files_done=210 resolved=388 errors=50255 current=runtime-testsuite/test/org/antlr/v4/test/runtime/javascript/JavaScriptRuntimeTests.java
[2026-04-21T09:28:22Z] [iter=5] HEARTBEAT target_type=call_site elapsed_min=156.7 files_done=227 resolved=391 errors=50265 current=runtime-testsuite/test/org/antlr/v4/test/runtime/python2/Python2RuntimeTests.java
[2026-04-21T09:31:06Z] [iter=5] HEARTBEAT target_type=call_site elapsed_min=159.5 files_done=230 resolved=433 errors=50315 current=runtime/Go/antlr/parser.go
[2026-04-21T09:37:29Z] [iter=5] HEARTBEAT target_type=call_site elapsed_min=165.9 files_done=231 resolved=453 errors=50435 current=runtime/Go/antlr/atn_config_set.go
[2026-04-21T09:40:08Z] [iter=5] HEARTBEAT target_type=call_site elapsed_min=168.5 files_done=232 resolved=471 errors=50485 current=runtime/Go/antlr/v4/tokenstream_rewriter_test.go
[2026-04-21T09:48:56Z] [iter=5] HEARTBEAT target_type=call_site elapsed_min=177.3 files_done=233 resolved=476 errors=50650 current=runtime/Go/antlr/v4/parser.go
[2026-04-21T09:55:19Z] [iter=5] HEARTBEAT target_type=call_site elapsed_min=183.7 files_done=234 resolved=496 errors=50770 current=runtime/Go/antlr/v4/parser_atn_simulator.go
[2026-04-21T10:22:24Z] [iter=5] HEARTBEAT target_type=call_site elapsed_min=210.8 files_done=235 resolved=523 errors=51279 current=runtime/Go/antlr/v4/parser_rule_context.go
[2026-04-21T10:24:12Z] [iter=5] HEARTBEAT target_type=call_site elapsed_min=212.6 files_done=236 resolved=546 errors=51313 current=runtime/Go/antlr/dfa_serializer.go
[2026-04-21T10:25:16Z] [iter=5] HEARTBEAT target_type=call_site elapsed_min=213.6 files_done=237 resolved=556 errors=51333 current=runtime/Go/antlr/v4/common_token_stream_test.go
[2026-04-21T10:33:21Z] [iter=5] HEARTBEAT target_type=call_site elapsed_min=221.7 files_done=238 resolved=558 errors=51486 current=runtime/Go/antlr/v4/lexer.go
[2026-04-21T10:35:54Z] [iter=5] HEARTBEAT target_type=call_site elapsed_min=224.3 files_done=239 resolved=569 errors=51534 current=runtime/Go/antlr/v4/utils_set.go
[2026-04-21T10:36:58Z] [iter=5] HEARTBEAT target_type=call_site elapsed_min=225.3 files_done=240 resolved=588 errors=51554 current=runtime/Go/antlr/v4/interval_set.go
[2026-04-21T10:39:38Z] [iter=5] HEARTBEAT target_type=call_site elapsed_min=228.0 files_done=241 resolved=630 errors=51604 current=runtime/Go/antlr/prediction_context.go
[2026-04-21T10:45:46Z] [iter=5] HEARTBEAT target_type=call_site elapsed_min=234.1 files_done=242 resolved=661 errors=51719 current=runtime/Go/antlr/parser_atn_simulator.go
[2026-04-21T10:51:51Z] [iter=5] CHECKPOINT TRIGGERED elapsed_min=240.2 files_completed=739 new_files_this_iter=242 mem_mb=1733 MB
[2026-04-21T10:51:51Z] [iter=5] Writing partial enrichment graph path=/home/runner/work/forx/forx/storage/aggregate/lsp/39e1719064f0b842884fa6afbe6848f027598b8e.nq.gz triples=156960
[2026-04-21T10:51:54Z] [iter=5] Checkpoint written, exiting with code 7
[2026-04-21T10:51:54Z] [iter=5] PHASE END: enrich (checkpointed) elapsed_s=14413 elapsed_min=240.2 files_completed=739
