[2026-04-20T17:48:04Z] === ENRICH ITERATION 2 START | repo=antlr/antlr4 sha=39e17190 ===
[2026-04-20T17:48:04Z] [iter=2] PHASE START: enrich repo=antlr/antlr4 sha=39e17190 runlog=/home/runner/work/forx/forx/storage/aggregate/lsp/logs/39e17190-enrich-iter-002.log output=/home/runner/work/forx/forx/storage/aggregate/lsp/39e1719064f0b842884fa6afbe6848f027598b8e.nq.gz
[2026-04-20T17:48:04Z] [iter=2] Step 1: Loading AST into disk-backed store mem_mb=77 MB
[2026-04-20T17:49:20Z] [iter=2] AST store loaded triples=7788804 load_secs=73 mem_mb=958 MB
[2026-04-20T17:49:20Z] [iter=2] Step 2: Finding LSP targets mem_mb=958 MB
[2026-04-20T17:49:49Z] [iter=2] LSP targets found call_sites=47460 imports=5856 extends=992 implements=0 secs=28
[2026-04-20T17:49:50Z] [iter=2] Loaded checkpoint partial graph triples=41626
[2026-04-20T17:50:17Z] [iter=2] Step 2.7: Building position index (one-shot, shared across resolvers) mem_mb=958 MB
[2026-04-20T17:51:09Z] [iter=2] Position index built positions=526915 nodes_with_types=638098 secs=52 mem_mb=1473 MB
[2026-04-20T17:51:09Z] [iter=2] Step 3: Starting LSP resolution mem_mb=1473 MB already_completed_types=[] already_completed_files=12
[2026-04-20T17:51:09Z] [iter=2] Resolving target type target_type=call_site count=47460
[2026-04-20T17:51:10Z] [iter=2] HEARTBEAT target_type=call_site elapsed_min=3.1 files_done=0 resolved=0 errors=47460 current=runtime/Python2/tests/TestTokenStreamRewriter.py
[2026-04-20T18:04:21Z] [iter=2] HEARTBEAT target_type=call_site elapsed_min=16.3 files_done=1 resolved=0 errors=47715 current=runtime/Python2/src/antlr4/atn/ParserATNSimulator.py
[2026-04-20T18:15:14Z] [iter=2] HEARTBEAT target_type=call_site elapsed_min=27.2 files_done=2 resolved=137 errors=47926 current=runtime/Python3/src/antlr4/atn/ATNDeserializer.py
[2026-04-20T18:22:00Z] [iter=2] HEARTBEAT target_type=call_site elapsed_min=33.9 files_done=3 resolved=210 errors=48058 current=runtime/Python3/src/antlr4/BufferedTokenStream.py
[2026-04-20T18:23:54Z] [iter=2] HEARTBEAT target_type=call_site elapsed_min=35.8 files_done=4 resolved=241 errors=48095 current=runtime/Python3/src/antlr4/atn/LexerATNSimulator.py
[2026-04-20T18:27:53Z] [iter=2] HEARTBEAT target_type=call_site elapsed_min=39.8 files_done=5 resolved=282 errors=48173 current=runtime/Python3/src/antlr4/atn/PredictionMode.py
[2026-04-20T18:28:49Z] [iter=2] HEARTBEAT target_type=call_site elapsed_min=40.7 files_done=6 resolved=309 errors=48191 current=runtime/Python3/src/antlr4/atn/ATNConfig.py
[2026-04-20T18:29:32Z] [iter=2] HEARTBEAT target_type=call_site elapsed_min=41.5 files_done=7 resolved=328 errors=48205 current=runtime/Python2/src/antlr4/Parser.py
[2026-04-20T18:34:03Z] [iter=2] HEARTBEAT target_type=call_site elapsed_min=46.0 files_done=8 resolved=354 errors=48293 current=runtime/Python3/src/antlr4/atn/ATN.py
[2026-04-20T18:34:49Z] [iter=2] HEARTBEAT target_type=call_site elapsed_min=46.7 files_done=9 resolved=360 errors=48308 current=runtime/Python2/src/antlr4/TokenStreamRewriter.py
[2026-04-20T18:37:04Z] [iter=2] HEARTBEAT target_type=call_site elapsed_min=49.0 files_done=10 resolved=409 errors=48352 current=runtime/Python3/src/antlr4/tree/ParseTreePatternMatcher.py
[2026-04-20T18:40:42Z] [iter=2] HEARTBEAT target_type=call_site elapsed_min=52.6 files_done=11 resolved=465 errors=48423 current=runtime/Python2/src/antlr4/ParserRuleContext.py
[2026-04-20T18:41:31Z] [iter=2] HEARTBEAT target_type=call_site elapsed_min=53.5 files_done=12 resolved=477 errors=48439 current=runtime/Python2/tests/mocks/TestLexer.py
[2026-04-20T18:42:54Z] [iter=2] HEARTBEAT target_type=call_site elapsed_min=54.8 files_done=13 resolved=485 errors=48466 current=runtime/Python3/src/antlr4/atn/SemanticContext.py
[2026-04-20T18:44:32Z] [iter=2] HEARTBEAT target_type=call_site elapsed_min=56.5 files_done=14 resolved=519 errors=48498 current=runtime/Python3/src/antlr4/error/Errors.py
[2026-04-20T18:45:03Z] [iter=2] HEARTBEAT target_type=call_site elapsed_min=57.0 files_done=15 resolved=536 errors=48508 current=runtime/Python2/src/antlr4/Lexer.py
[2026-04-20T18:46:53Z] [iter=2] HEARTBEAT target_type=call_site elapsed_min=58.8 files_done=16 resolved=546 errors=48544 current=runtime/Python2/src/antlr4/tree/Trees.py
[2026-04-20T18:48:43Z] [iter=2] HEARTBEAT target_type=call_site elapsed_min=60.7 files_done=17 resolved=558 errors=48580 current=runtime/Python2/src/antlr4/atn/PredictionMode.py
[2026-04-20T18:49:42Z] [iter=2] HEARTBEAT target_type=call_site elapsed_min=61.6 files_done=18 resolved=580 errors=48599 current=runtime/Python2/src/antlr4/atn/LexerATNSimulator.py
[2026-04-20T18:53:42Z] [iter=2] HEARTBEAT target_type=call_site elapsed_min=65.6 files_done=19 resolved=621 errors=48677 current=runtime/Python3/src/antlr4/LL1Analyzer.py
[2026-04-20T18:55:07Z] [iter=2] HEARTBEAT target_type=call_site elapsed_min=67.1 files_done=20 resolved=637 errors=48705 current=runtime/Python2/src/antlr4/error/DiagnosticErrorListener.py
[2026-04-20T18:56:55Z] [iter=2] HEARTBEAT target_type=call_site elapsed_min=68.9 files_done=21 resolved=643 errors=48740 current=runtime/Python2/src/antlr4/ParserInterpreter.py
[2026-04-20T18:58:52Z] [iter=2] HEARTBEAT target_type=call_site elapsed_min=70.8 files_done=22 resolved=654 errors=48778 current=runtime/Python3/src/antlr4/error/ErrorListener.py
[2026-04-20T19:00:22Z] [iter=2] HEARTBEAT target_type=call_site elapsed_min=72.3 files_done=24 resolved=678 errors=48807 current=runtime/Python3/src/antlr4/PredictionContext.py
[2026-04-20T19:03:26Z] [iter=2] HEARTBEAT target_type=call_site elapsed_min=75.4 files_done=25 resolved=739 errors=48867 current=runtime/Python2/src/antlr4/tree/ParseTreePatternMatcher.py
[2026-04-20T19:07:07Z] [iter=2] HEARTBEAT target_type=call_site elapsed_min=79.1 files_done=26 resolved=795 errors=48938 current=runtime/Python3/src/antlr4/Parser.py
[2026-04-20T19:11:40Z] [iter=2] HEARTBEAT target_type=call_site elapsed_min=83.6 files_done=27 resolved=822 errors=49027 current=runtime/Python3/tests/TestInputStream.py
[2026-04-20T19:12:20Z] [iter=2] HEARTBEAT target_type=call_site elapsed_min=84.3 files_done=28 resolved=823 errors=49040 current=runtime/Python2/src/antlr4/atn/ATNDeserializer.py
[2026-04-20T19:19:12Z] [iter=2] HEARTBEAT target_type=call_site elapsed_min=91.1 files_done=29 resolved=895 errors=49174 current=runtime/Python3/src/antlr4/error/ErrorStrategy.py
[2026-04-20T19:23:40Z] [iter=2] HEARTBEAT target_type=call_site elapsed_min=95.6 files_done=30 resolved=906 errors=49261 current=runtime/Python3/src/antlr4/atn/Transition.py
[2026-04-20T19:24:11Z] [iter=2] HEARTBEAT target_type=call_site elapsed_min=96.1 files_done=31 resolved=944 errors=49271 current=runtime/Python2/src/antlr4/IntervalSet.py
[2026-04-20T19:30:41Z] [iter=2] HEARTBEAT target_type=call_site elapsed_min=102.6 files_done=32 resolved=964 errors=49398 current=scripts/deploy_to_website.py
[2026-04-20T19:31:33Z] [iter=2] HEARTBEAT target_type=call_site elapsed_min=103.5 files_done=33 resolved=993 errors=49415 current=runtime/Python3/src/antlr4/TokenStreamRewriter.py
[2026-04-20T19:33:48Z] [iter=2] HEARTBEAT target_type=call_site elapsed_min=105.7 files_done=34 resolved=1043 errors=49459 current=runtime/Python3/src/antlr4/FileStream.py
[2026-04-20T19:35:39Z] [iter=2] HEARTBEAT target_type=call_site elapsed_min=107.6 files_done=36 resolved=1057 errors=49495 current=runtime/Python2/src/antlr4/Token.py
[2026-04-20T19:36:56Z] [iter=2] HEARTBEAT target_type=call_site elapsed_min=108.9 files_done=37 resolved=1060 errors=49520 current=runtime/Python3/tests/xpathtest.py
[2026-04-20T19:38:50Z] [iter=2] HEARTBEAT target_type=call_site elapsed_min=110.8 files_done=39 resolved=1078 errors=49557 current=runtime/Python2/src/antlr4/LL1Analyzer.py
[2026-04-20T19:40:18Z] [iter=2] HEARTBEAT target_type=call_site elapsed_min=112.2 files_done=40 resolved=1093 errors=49586 current=runtime/Python2/src/antlr4/InputStream.py
[2026-04-20T19:41:17Z] [iter=2] HEARTBEAT target_type=call_site elapsed_min=113.2 files_done=41 resolved=1099 errors=49605 current=runtime/Python3/src/antlr4/RuleContext.py
[2026-04-20T19:42:09Z] [iter=2] HEARTBEAT target_type=call_site elapsed_min=114.1 files_done=42 resolved=1106 errors=49622 current=runtime/Python3/src/antlr4/Lexer.py
[2026-04-20T19:44:00Z] [iter=2] HEARTBEAT target_type=call_site elapsed_min=115.9 files_done=43 resolved=1116 errors=49658 current=runtime/Python2/src/antlr4/error/ErrorStrategy.py
[2026-04-20T19:48:32Z] [iter=2] HEARTBEAT target_type=call_site elapsed_min=120.5 files_done=44 resolved=1125 errors=49747 current=runtime/Python3/src/antlr4/Recognizer.py
[2026-04-20T19:49:37Z] [iter=2] HEARTBEAT target_type=call_site elapsed_min=121.6 files_done=45 resolved=1136 errors=49768 current=runtime/Python3/src/antlr4/Token.py
[2026-04-20T19:50:54Z] [iter=2] HEARTBEAT target_type=call_site elapsed_min=122.8 files_done=46 resolved=1146 errors=49793 current=runtime/Python3/src/antlr4/ParserInterpreter.py
[2026-04-20T19:52:50Z] [iter=2] HEARTBEAT target_type=call_site elapsed_min=124.8 files_done=47 resolved=1157 errors=49831 current=runtime/Python2/src/antlr4/PredictionContext.py
[2026-04-20T19:55:55Z] [iter=2] HEARTBEAT target_type=call_site elapsed_min=127.8 files_done=48 resolved=1213 errors=49891 current=runtime/Python3/tests/TestIntervalSet.py
[2026-04-20T19:59:02Z] [iter=2] HEARTBEAT target_type=call_site elapsed_min=131.0 files_done=49 resolved=1238 errors=49952 current=runtime/Python2/src/antlr4/ListTokenSource.py
[2026-04-20T20:00:00Z] [iter=2] HEARTBEAT target_type=call_site elapsed_min=131.9 files_done=51 resolved=1286 errors=49971 current=runtime/Python3/src/antlr4/_pygrun.py
[2026-04-20T20:01:17Z] [iter=2] HEARTBEAT target_type=call_site elapsed_min=133.2 files_done=52 resolved=1332 errors=49996 current=runtime/Python3/tests/mocks/TestLexer.py
[2026-04-20T20:02:42Z] [iter=2] HEARTBEAT target_type=call_site elapsed_min=134.6 files_done=53 resolved=1340 errors=50023 current=runtime/Python2/src/antlr4/atn/ATNState.py
[2026-04-20T20:04:36Z] [iter=2] HEARTBEAT target_type=call_site elapsed_min=136.5 files_done=55 resolved=1407 errors=50060 current=runtime/Python2/tests/run.py
[2026-04-20T20:05:14Z] [iter=2] HEARTBEAT target_type=call_site elapsed_min=137.2 files_done=58 resolved=1424 errors=50072 current=runtime/Python2/src/antlr4/tree/ParseTreePattern.py
[2026-04-20T20:06:46Z] [iter=2] HEARTBEAT target_type=call_site elapsed_min=138.7 files_done=60 resolved=1450 errors=50102 current=runtime/Python2/src/antlr4/CommonTokenFactory.py
[2026-04-20T20:08:04Z] [iter=2] HEARTBEAT target_type=call_site elapsed_min=140.0 files_done=62 resolved=1488 errors=50127 current=runtime/Python3/src/antlr4/tree/Tree.py
[2026-04-20T20:09:17Z] [iter=2] HEARTBEAT target_type=call_site elapsed_min=141.2 files_done=63 resolved=1495 errors=50151 current=runtime/Python3/src/antlr4/ListTokenSource.py
[2026-04-20T20:10:04Z] [iter=2] HEARTBEAT target_type=call_site elapsed_min=142.0 files_done=65 resolved=1517 errors=50166 current=runtime/Python2/src/antlr4/error/Errors.py
[2026-04-20T20:10:38Z] [iter=2] HEARTBEAT target_type=call_site elapsed_min=142.6 files_done=66 resolved=1534 errors=50177 current=runtime/Python3/src/antlr4/dfa/DFASerializer.py
[2026-04-20T20:11:15Z] [iter=2] HEARTBEAT target_type=call_site elapsed_min=143.2 files_done=67 resolved=1546 errors=50189 current=runtime/Python2/src/antlr4/Utils.py
[2026-04-20T20:11:55Z] [iter=2] HEARTBEAT target_type=call_site elapsed_min=143.9 files_done=68 resolved=1548 errors=50202 current=runtime/Python3/src/antlr4/Utils.py
[2026-04-20T20:12:30Z] [iter=2] HEARTBEAT target_type=call_site elapsed_min=144.4 files_done=69 resolved=1551 errors=50213 current=runtime/Python3/src/antlr4/tree/Trees.py
[2026-04-20T20:14:21Z] [iter=2] HEARTBEAT target_type=call_site elapsed_min=146.3 files_done=70 resolved=1565 errors=50249 current=runtime/Python2/src/antlr4/tree/ParseTreeMatch.py
[2026-04-20T20:15:38Z] [iter=2] HEARTBEAT target_type=call_site elapsed_min=147.6 files_done=72 resolved=1585 errors=50274 current=runtime/Python3/src/antlr4/atn/LexerAction.py
[2026-04-20T20:16:09Z] [iter=2] HEARTBEAT target_type=call_site elapsed_min=148.1 files_done=73 resolved=1620 errors=50284 current=runtime/Python2/src/antlr4/atn/Transition.py
[2026-04-20T20:16:46Z] [iter=2] HEARTBEAT target_type=call_site elapsed_min=148.7 files_done=74 resolved=1652 errors=50296 current=runtime/Python3/src/antlr4/atn/ATNState.py
[2026-04-20T20:17:45Z] [iter=2] HEARTBEAT target_type=call_site elapsed_min=149.7 files_done=77 resolved=1701 errors=50315 current=runtime/Python3/tests/TestFileStream.py
[2026-04-20T20:18:50Z] [iter=2] HEARTBEAT target_type=call_site elapsed_min=150.8 files_done=80 resolved=1718 errors=50336 current=runtime/Python2/src/antlr4/dfa/DFA.py
[2026-04-20T20:19:24Z] [iter=2] HEARTBEAT target_type=call_site elapsed_min=151.3 files_done=81 resolved=1725 errors=50347 current=runtime/Python2/src/antlr4/CodePoints.py
[2026-04-20T20:20:16Z] [iter=2] HEARTBEAT target_type=call_site elapsed_min=152.2 files_done=84 resolved=1741 errors=50364 current=runtime/Python2/src/antlr4/xpath/XPathLexer.py
[2026-04-20T20:20:47Z] [iter=2] HEARTBEAT target_type=call_site elapsed_min=152.7 files_done=85 resolved=1747 errors=50374 current=runtime/Python3/src/antlr4/atn/ATNDeserializationOptions.py
[2026-04-20T20:22:10Z] [iter=2] HEARTBEAT target_type=call_site elapsed_min=154.1 files_done=89 resolved=1764 errors=50401 current=runtime/Python3/src/antlr4/atn/LexerActionExecutor.py
[2026-04-20T20:22:52Z] [iter=2] HEARTBEAT target_type=call_site elapsed_min=154.8 files_done=91 resolved=1778 errors=50415 current=runtime/Python3/src/antlr4/tree/ParseTreePattern.py
[2026-04-20T20:23:29Z] [iter=2] HEARTBEAT target_type=call_site elapsed_min=155.4 files_done=95 resolved=1796 errors=50427 current=runtime/Python3/src/antlr4/StdinStream.py
[2026-04-20T20:24:09Z] [iter=2] HEARTBEAT target_type=call_site elapsed_min=156.1 files_done=98 resolved=1804 errors=50440 current=runtime/Python2/src/antlr4/error/ErrorListener.py
[2026-04-20T20:24:49Z] [iter=2] HEARTBEAT target_type=call_site elapsed_min=156.8 files_done=101 resolved=1817 errors=50453 current=runtime/Python2/src/antlr4/dfa/DFAState.py
[2026-04-20T20:26:06Z] [iter=2] HEARTBEAT target_type=call_site elapsed_min=158.0 files_done=103 resolved=1826 errors=50478 current=runtime/Python3/src/antlr4/dfa/DFAState.py
[2026-04-20T20:26:40Z] [iter=2] HEARTBEAT target_type=call_site elapsed_min=158.6 files_done=105 resolved=1837 errors=50489 current=runtime/Python3/src/antlr4/tree/RuleTagToken.py
[2026-04-20T20:27:12Z] [iter=2] HEARTBEAT target_type=call_site elapsed_min=159.1 files_done=112 resolved=1852 errors=50498 current=runtime/Cpp/runtime/src/atn/ParserATNSimulator.cpp
[2026-04-20T20:34:37Z] [iter=2] HEARTBEAT target_type=call_site elapsed_min=166.5 files_done=115 resolved=1859 errors=50635 current=runtime/Cpp/runtime/src/atn/ATNDeserializer.cpp
[2026-04-20T20:35:22Z] [iter=2] HEARTBEAT target_type=call_site elapsed_min=167.3 files_done=120 resolved=1868 errors=50649 current=runtime/Cpp/runtime/src/atn/LexerPopModeAction.cpp
[2026-04-20T20:39:05Z] [iter=2] HEARTBEAT target_type=call_site elapsed_min=171.0 files_done=122 resolved=1869 errors=50718 current=runtime/Cpp/runtime/src/tree/pattern/ParseTreePatternMatcher.cpp
[2026-04-20T20:47:14Z] [iter=2] HEARTBEAT target_type=call_site elapsed_min=179.2 files_done=124 resolved=1872 errors=50870 current=runtime/Cpp/runtime/src/atn/SingletonPredictionContext.cpp
[2026-04-20T20:48:09Z] [iter=2] HEARTBEAT target_type=call_site elapsed_min=180.1 files_done=126 resolved=1872 errors=50887 current=runtime/Cpp/runtime/src/atn/PredictionContext.cpp
[2026-04-20T20:50:44Z] [iter=2] HEARTBEAT target_type=call_site elapsed_min=182.7 files_done=129 resolved=1889 errors=50935 current=runtime/Cpp/runtime/src/misc/MurmurHash.cpp
[2026-04-20T20:52:43Z] [iter=2] HEARTBEAT target_type=call_site elapsed_min=184.7 files_done=131 resolved=1901 errors=50972 current=runtime/Cpp/runtime/src/ParserInterpreter.cpp
[2026-04-20T20:55:34Z] [iter=2] HEARTBEAT target_type=call_site elapsed_min=187.5 files_done=132 resolved=1901 errors=51025 current=runtime/Cpp/runtime/src/atn/LexerPushModeAction.cpp
[2026-04-20T20:56:17Z] [iter=2] HEARTBEAT target_type=call_site elapsed_min=188.2 files_done=136 resolved=1902 errors=51038 current=runtime/Cpp/runtime/src/TokenStreamRewriter.cpp
[2026-04-20T21:01:00Z] [iter=2] HEARTBEAT target_type=call_site elapsed_min=192.9 files_done=137 resolved=1905 errors=51126 current=runtime/Cpp/runtime/src/misc/IntervalSet.cpp
[2026-04-20T21:04:13Z] [iter=2] HEARTBEAT target_type=call_site elapsed_min=196.2 files_done=140 resolved=1907 errors=51186 current=runtime/Cpp/runtime/src/atn/LexerMoreAction.cpp
[2026-04-20T21:04:52Z] [iter=2] HEARTBEAT target_type=call_site elapsed_min=196.8 files_done=145 resolved=1907 errors=51198 current=runtime/Cpp/runtime/src/atn/ATNConfigSet.cpp
[2026-04-20T21:05:41Z] [iter=2] HEARTBEAT target_type=call_site elapsed_min=197.6 files_done=148 resolved=1918 errors=51213 current=runtime/Cpp/runtime/src/Lexer.h
[2026-04-20T21:08:07Z] [iter=2] HEARTBEAT target_type=call_site elapsed_min=200.1 files_done=152 resolved=1936 errors=51258 current=runtime/Cpp/runtime/src/atn/LexerCustomAction.cpp
[2026-04-20T21:09:25Z] [iter=2] HEARTBEAT target_type=call_site elapsed_min=201.4 files_done=155 resolved=1939 errors=51282 current=runtime/Cpp/runtime/src/atn/PredictionMode.cpp
[2026-04-20T21:11:12Z] [iter=2] HEARTBEAT target_type=call_site elapsed_min=203.1 files_done=158 resolved=1953 errors=51315 current=runtime/Cpp/runtime/src/support/Utf8.cpp
[2026-04-20T21:15:43Z] [iter=2] HEARTBEAT target_type=call_site elapsed_min=207.7 files_done=159 resolved=1955 errors=51399 current=runtime/Cpp/runtime/src/atn/ATNState.cpp
[2026-04-20T21:17:07Z] [iter=2] HEARTBEAT target_type=call_site elapsed_min=209.1 files_done=162 resolved=1961 errors=51425 current=runtime/Cpp/runtime/src/tree/IterativeParseTreeWalker.cpp
[2026-04-20T21:17:56Z] [iter=2] HEARTBEAT target_type=call_site elapsed_min=209.9 files_done=165 resolved=1965 errors=51440 current=runtime/Cpp/runtime/src/atn/PredictionContextMergeCache.cpp
[2026-04-20T21:18:48Z] [iter=2] HEARTBEAT target_type=call_site elapsed_min=210.7 files_done=168 resolved=1966 errors=51456 current=runtime/Cpp/runtime/src/CommonTokenStream.cpp
[2026-04-20T21:19:34Z] [iter=2] HEARTBEAT target_type=call_site elapsed_min=211.5 files_done=169 resolved=1966 errors=51470 current=runtime/Cpp/runtime/src/atn/LexerSkipAction.cpp
[2026-04-20T21:20:13Z] [iter=2] HEARTBEAT target_type=call_site elapsed_min=212.1 files_done=174 resolved=1966 errors=51482 current=runtime/Cpp/runtime/src/tree/AbstractParseTreeVisitor.h
[2026-04-20T21:20:48Z] [iter=2] HEARTBEAT target_type=call_site elapsed_min=212.7 files_done=175 resolved=1966 errors=51493 current=runtime/Cpp/runtime/src/misc/Interval.h
[2026-04-20T21:21:30Z] [iter=2] HEARTBEAT target_type=call_site elapsed_min=213.4 files_done=178 resolved=1966 errors=51506 current=runtime/Cpp/runtime/src/atn/LexerIndexedCustomAction.cpp
[2026-04-20T21:22:21Z] [iter=2] HEARTBEAT target_type=call_site elapsed_min=214.3 files_done=189 resolved=1966 errors=51522 current=runtime/Cpp/runtime/src/atn/RuleTransition.cpp
[2026-04-20T21:23:01Z] [iter=2] HEARTBEAT target_type=call_site elapsed_min=214.9 files_done=195 resolved=1970 errors=51534 current=runtime/Cpp/runtime/src/tree/TerminalNodeImpl.cpp
[2026-04-20T21:23:43Z] [iter=2] HEARTBEAT target_type=call_site elapsed_min=215.7 files_done=203 resolved=1970 errors=51547 current=runtime/Cpp/runtime/src/tree/xpath/XPath.cpp
[2026-04-20T21:24:29Z] [iter=2] HEARTBEAT target_type=call_site elapsed_min=216.4 files_done=208 resolved=1971 errors=51561 current=runtime/Cpp/runtime/src/WritableToken.h
[2026-04-20T21:25:06Z] [iter=2] HEARTBEAT target_type=call_site elapsed_min=217.0 files_done=215 resolved=1975 errors=51572 current=runtime/Cpp/runtime/src/atn/SetTransition.h
[2026-04-20T21:26:18Z] [iter=2] HEARTBEAT target_type=call_site elapsed_min=218.2 files_done=218 resolved=1975 errors=51594 current=runtime/Cpp/runtime/src/RuleContextWithAltNum.h
[2026-04-20T21:27:39Z] [iter=2] HEARTBEAT target_type=call_site elapsed_min=219.6 files_done=225 resolved=1983 errors=51619 current=runtime/Cpp/runtime/src/atn/Transition.cpp
[2026-04-20T21:28:40Z] [iter=2] HEARTBEAT target_type=call_site elapsed_min=220.6 files_done=228 resolved=1983 errors=51638 current=runtime/Cpp/runtime/src/atn/ATN.h
[2026-04-20T21:29:23Z] [iter=2] HEARTBEAT target_type=call_site elapsed_min=221.3 files_done=231 resolved=1985 errors=51651 current=runtime/Cpp/runtime/src/atn/ATNDeserializer.h
[2026-04-20T21:30:12Z] [iter=2] HEARTBEAT target_type=call_site elapsed_min=222.1 files_done=236 resolved=1988 errors=51666 current=runtime/Cpp/runtime/src/atn/StarLoopEntryState.h
[2026-04-20T21:30:45Z] [iter=2] HEARTBEAT target_type=call_site elapsed_min=222.7 files_done=242 resolved=1988 errors=51676 current=runtime/Cpp/runtime/src/tree/pattern/TagChunk.h
[2026-04-20T21:31:22Z] [iter=2] HEARTBEAT target_type=call_site elapsed_min=223.3 files_done=252 resolved=1988 errors=51687 current=runtime/Cpp/runtime/src/atn/LexerAction.cpp
[2026-04-20T21:32:16Z] [iter=2] HEARTBEAT target_type=call_site elapsed_min=224.2 files_done=256 resolved=1988 errors=51704 current=runtime/Cpp/runtime/src/ANTLRInputStream.h
[2026-04-20T21:32:59Z] [iter=2] HEARTBEAT target_type=call_site elapsed_min=224.9 files_done=262 resolved=1993 errors=51717 current=runtime/Cpp/runtime/src/CommonToken.h
[2026-04-20T21:33:29Z] [iter=2] HEARTBEAT target_type=call_site elapsed_min=225.4 files_done=269 resolved=1993 errors=51726 current=runtime/Cpp/runtime/src/atn/BlockStartState.h
[2026-04-20T21:34:15Z] [iter=2] HEARTBEAT target_type=call_site elapsed_min=226.2 files_done=277 resolved=1994 errors=51740 current=runtime/Cpp/runtime/src/tree/xpath/XPathElement.cpp
[2026-04-20T21:34:52Z] [iter=2] HEARTBEAT target_type=call_site elapsed_min=226.8 files_done=285 resolved=1995 errors=51751 current=runtime/Cpp/runtime/src/tree/xpath/XPathWildcardAnywhereElement.cpp
[2026-04-20T21:35:26Z] [iter=2] HEARTBEAT target_type=call_site elapsed_min=227.4 files_done=291 resolved=1995 errors=51761 current=runtime/Cpp/runtime/src/atn/PrecedencePredicateTransition.h
[2026-04-20T21:36:02Z] [iter=2] HEARTBEAT target_type=call_site elapsed_min=228.0 files_done=304 resolved=1995 errors=51772 current=runtime/Cpp/runtime/src/atn/TokensStartState.h
[2026-04-20T21:36:38Z] [iter=2] HEARTBEAT target_type=call_site elapsed_min=228.6 files_done=314 resolved=1995 errors=51783 current=runtime/Cpp/runtime/src/misc/Predicate.h
[2026-04-20T21:37:12Z] [iter=2] HEARTBEAT target_type=call_site elapsed_min=229.1 files_done=322 resolved=1995 errors=51793 current=runtime/Cpp/runtime/src/atn/BasicBlockStartState.h
[2026-04-20T21:37:42Z] [iter=2] HEARTBEAT target_type=call_site elapsed_min=229.6 files_done=328 resolved=1996 errors=51802 current=runtime/Cpp/runtime/src/ANTLRErrorStrategy.h
[2026-04-20T21:38:12Z] [iter=2] HEARTBEAT target_type=call_site elapsed_min=230.1 files_done=338 resolved=1997 errors=51811 current=runtime/Cpp/runtime/src/atn/ATNState.h
[2026-04-20T21:38:43Z] [iter=2] HEARTBEAT target_type=call_site elapsed_min=230.7 files_done=349 resolved=2000 errors=51820 current=runtime/Cpp/runtime/src/BufferedTokenStream.h
[2026-04-20T21:39:20Z] [iter=2] HEARTBEAT target_type=call_site elapsed_min=231.3 files_done=355 resolved=2000 errors=51826 current=tool/src/org/antlr/v4/codegen/CodeGenerator.java
[2026-04-20T21:43:25Z] [iter=2] HEARTBEAT target_type=call_site elapsed_min=235.4 files_done=356 resolved=2002 errors=51899 current=tool/src/org/antlr/v4/semantics/UseDefAnalyzer.java
[2026-04-20T21:44:23Z] [iter=2] HEARTBEAT target_type=call_site elapsed_min=236.3 files_done=357 resolved=2002 errors=51917 current=tool/src/org/antlr/v4/codegen/CodeGenPipeline.java
[2026-04-20T21:47:34Z] [iter=2] HEARTBEAT target_type=call_site elapsed_min=239.5 files_done=358 resolved=2002 errors=51976 current=tool/src/org/antlr/v4/codegen/model/RuleFunction.java
[2026-04-20T21:48:16Z] [iter=2] CHECKPOINT TRIGGERED elapsed_min=240.2 files_completed=370 new_files_this_iter=358 mem_mb=1510 MB
[2026-04-20T21:48:16Z] [iter=2] Writing partial enrichment graph path=/home/runner/work/forx/forx/storage/aggregate/lsp/39e1719064f0b842884fa6afbe6848f027598b8e.nq.gz triples=79391
[2026-04-20T21:48:18Z] [iter=2] Checkpoint written, exiting with code 7
[2026-04-20T21:48:18Z] [iter=2] PHASE END: enrich (checkpointed) elapsed_s=14412 elapsed_min=240.2 files_completed=370
