[2026-04-19T04:15:20Z] === ENRICH ITERATION 5 START | repo=antlr/antlr4 sha=bf0bbff4 ===
[2026-04-19T04:15:20Z] [iter=5] PHASE START: enrich repo=antlr/antlr4 sha=bf0bbff4 runlog=/home/runner/work/forx/forx/storage/aggregate/lsp/logs/bf0bbff4-enrich-iter-005.log output=/home/runner/work/forx/forx/storage/aggregate/lsp/bf0bbff4bff0c7fb33704ef7c4699314715efb2c.nq.gz
[2026-04-19T04:15:20Z] [iter=5] Step 1: Loading AST into disk-backed store mem_mb=77 MB
[2026-04-19T04:16:40Z] [iter=5] AST store loaded triples=7850094 load_secs=77 mem_mb=1068 MB
[2026-04-19T04:16:40Z] [iter=5] Step 2: Finding LSP targets mem_mb=1068 MB
[2026-04-19T04:17:04Z] [iter=5] LSP targets found call_sites=47732 imports=6025 extends=1018 implements=2 secs=24
[2026-04-19T04:17:10Z] [iter=5] Loaded checkpoint partial graph triples=138709
[2026-04-19T04:17:32Z] [iter=5] Step 2.7: Building position index (one-shot, shared across resolvers) mem_mb=1068 MB
[2026-04-19T04:18:17Z] [iter=5] Position index built positions=531308 nodes_with_types=643148 secs=45 mem_mb=1844 MB
[2026-04-19T04:18:17Z] [iter=5] Step 3: Starting LSP resolution mem_mb=1844 MB already_completed_types=[] already_completed_files=297
[2026-04-19T04:18:17Z] [iter=5] Resolving target type target_type=call_site count=47732
[2026-04-19T04:18:39Z] [iter=5] HEARTBEAT target_type=call_site elapsed_min=3.3 files_done=0 resolved=0 errors=0 current=tool-testsuite/test/org/antlr/v4/test/tool/TestUnbufferedCharStream.java
[2026-04-19T04:25:34Z] [iter=5] HEARTBEAT target_type=call_site elapsed_min=10.2 files_done=1 resolved=3 errors=158 current=tool/src/org/antlr/v4/misc/Graph.java
[2026-04-19T04:26:18Z] [iter=5] HEARTBEAT target_type=call_site elapsed_min=11.0 files_done=2 resolved=3 errors=175 current=tool/src/org/antlr/v4/codegen/target/PHPTarget.java
[2026-04-19T04:35:25Z] [iter=5] HEARTBEAT target_type=call_site elapsed_min=20.1 files_done=4 resolved=8 errors=389 current=tool/src/org/antlr/v4/automata/ParserATNFactory.java
[2026-04-19T04:43:38Z] [iter=5] HEARTBEAT target_type=call_site elapsed_min=28.3 files_done=5 resolved=11 errors=582 current=runtime-testsuite/test/org/antlr/v4/test/runtime/java/api/TestVisitors.java
[2026-04-19T04:45:37Z] [iter=5] HEARTBEAT target_type=call_site elapsed_min=30.3 files_done=7 resolved=12 errors=628 current=runtime/Java/src/org/antlr/v4/runtime/DefaultErrorStrategy.java
[2026-04-19T04:51:29Z] [iter=5] HEARTBEAT target_type=call_site elapsed_min=36.1 files_done=8 resolved=13 errors=767 current=runtime/Java/src/org/antlr/v4/runtime/atn/NotSetTransition.java
[2026-04-19T04:52:30Z] [iter=5] HEARTBEAT target_type=call_site elapsed_min=37.2 files_done=11 resolved=14 errors=791 current=runtime/Java/src/org/antlr/v4/runtime/atn/ProfilingATNSimulator.java
[2026-04-19T04:53:39Z] [iter=5] HEARTBEAT target_type=call_site elapsed_min=38.3 files_done=12 resolved=18 errors=818 current=tool-testsuite/test/org/antlr/v4/test/tool/TestFastQueue.java
[2026-04-19T04:55:41Z] [iter=5] HEARTBEAT target_type=call_site elapsed_min=40.3 files_done=13 resolved=26 errors=866 current=tool/src/org/antlr/v4/semantics/AttributeChecks.java
[2026-04-19T04:59:29Z] [iter=5] HEARTBEAT target_type=call_site elapsed_min=44.1 files_done=14 resolved=26 errors=956 current=runtime/Java/src/org/antlr/v4/runtime/misc/Utils.java
[2026-04-19T05:01:19Z] [iter=5] HEARTBEAT target_type=call_site elapsed_min=46.0 files_done=15 resolved=27 errors=999 current=runtime/Java/src/org/antlr/v4/runtime/LexerNoViableAltException.java
[2026-04-19T05:04:26Z] [iter=5] HEARTBEAT target_type=call_site elapsed_min=49.1 files_done=17 resolved=29 errors=1072 current=tool/src/org/antlr/v4/unicode/UnicodeDataTemplateController.java
[2026-04-19T05:12:27Z] [iter=5] HEARTBEAT target_type=call_site elapsed_min=57.1 files_done=18 resolved=45 errors=1261 current=tool/src/org/antlr/v4/codegen/OutputModelWalker.java
[2026-04-19T05:13:49Z] [iter=5] HEARTBEAT target_type=call_site elapsed_min=58.5 files_done=19 resolved=46 errors=1293 current=tool-testsuite/test/org/antlr/v4/test/tool/TestSymbolIssues.java
[2026-04-19T05:15:05Z] [iter=5] HEARTBEAT target_type=call_site elapsed_min=59.7 files_done=20 resolved=49 errors=1323 current=tool/src/org/antlr/v4/codegen/model/TestSetInline.java
[2026-04-19T05:16:55Z] [iter=5] HEARTBEAT target_type=call_site elapsed_min=61.6 files_done=22 resolved=57 errors=1366 current=tool-testsuite/test/org/antlr/v4/test/tool/TestATNParserPrediction.java
[2026-04-19T05:20:01Z] [iter=5] HEARTBEAT target_type=call_site elapsed_min=64.7 files_done=23 resolved=76 errors=1439 current=runtime/Java/src/org/antlr/v4/runtime/Recognizer.java
[2026-04-19T05:21:20Z] [iter=5] HEARTBEAT target_type=call_site elapsed_min=66.0 files_done=24 resolved=79 errors=1470 current=runtime/Java/src/org/antlr/v4/runtime/ParserRuleContext.java
[2026-04-19T05:23:00Z] [iter=5] HEARTBEAT target_type=call_site elapsed_min=67.7 files_done=25 resolved=84 errors=1509 current=tool-testsuite/test/org/antlr/v4/test/tool/TestATNLexerInterpreter.java
[2026-04-19T05:25:53Z] [iter=5] HEARTBEAT target_type=call_site elapsed_min=70.6 files_done=26 resolved=88 errors=1577 current=tool/src/org/antlr/v4/codegen/Target.java
[2026-04-19T05:33:00Z] [iter=5] HEARTBEAT target_type=call_site elapsed_min=77.7 files_done=27 resolved=96 errors=1745 current=runtime/Java/src/org/antlr/v4/runtime/atn/PredictionContext.java
[2026-04-19T05:38:21Z] [iter=5] HEARTBEAT target_type=call_site elapsed_min=83.0 files_done=28 resolved=108 errors=1871 current=runtime/Java/src/org/antlr/v4/runtime/misc/FlexibleHashMap.java
[2026-04-19T05:40:20Z] [iter=5] HEARTBEAT target_type=call_site elapsed_min=85.0 files_done=29 resolved=112 errors=1918 current=tool-testsuite/test/org/antlr/v4/test/tool/TestParseTreeMatcher.java
[2026-04-19T05:45:54Z] [iter=5] HEARTBEAT target_type=call_site elapsed_min=90.6 files_done=30 resolved=162 errors=2049 current=runtime/Java/src/org/antlr/v4/runtime/atn/LexerATNSimulator.java
[2026-04-19T05:49:42Z] [iter=5] HEARTBEAT target_type=call_site elapsed_min=94.4 files_done=31 resolved=182 errors=2135 current=runtime/Java/src/org/antlr/v4/runtime/Lexer.java
[2026-04-19T05:52:28Z] [iter=5] HEARTBEAT target_type=call_site elapsed_min=97.1 files_done=32 resolved=185 errors=2200 current=tool-testsuite/test/org/antlr/v4/test/tool/TestCharSupport.java
[2026-04-19T05:54:00Z] [iter=5] HEARTBEAT target_type=call_site elapsed_min=98.7 files_done=33 resolved=221 errors=2236 current=runtime/Java/src/org/antlr/v4/runtime/CodePointCharStream.java
[2026-04-19T05:54:46Z] [iter=5] HEARTBEAT target_type=call_site elapsed_min=99.4 files_done=34 resolved=230 errors=2254 current=tool/src/org/antlr/v4/tool/Grammar.java
[2026-04-19T06:06:43Z] [iter=5] HEARTBEAT target_type=call_site elapsed_min=111.4 files_done=35 resolved=243 errors=2534 current=tool/src/org/antlr/v4/codegen/model/decl/CodeBlock.java
[2026-04-19T06:08:28Z] [iter=5] HEARTBEAT target_type=call_site elapsed_min=113.1 files_done=37 resolved=250 errors=2575 current=tool/src/org/antlr/v4/gui/TreePostScriptGenerator.java
[2026-04-19T06:10:15Z] [iter=5] HEARTBEAT target_type=call_site elapsed_min=114.9 files_done=38 resolved=250 errors=2617 current=runtime/Java/src/org/antlr/v4/runtime/TokenStreamRewriter.java
[2026-04-19T06:15:22Z] [iter=5] HEARTBEAT target_type=call_site elapsed_min=120.0 files_done=39 resolved=255 errors=2738 current=runtime/Java/src/org/antlr/v4/runtime/atn/ATNConfigSet.java
[2026-04-19T06:17:07Z] [iter=5] HEARTBEAT target_type=call_site elapsed_min=121.8 files_done=40 resolved=256 errors=2779 current=tool/src/org/antlr/v4/gui/GraphicsSupport.java
[2026-04-19T06:18:20Z] [iter=5] HEARTBEAT target_type=call_site elapsed_min=123.0 files_done=41 resolved=262 errors=2808 current=runtime/Java/src/org/antlr/v4/runtime/atn/ATNState.java
[2026-04-19T06:19:06Z] [iter=5] HEARTBEAT target_type=call_site elapsed_min=123.8 files_done=42 resolved=267 errors=2826 current=tool-testsuite/test/org/antlr/v4/test/tool/TestEscapeSequenceParsing.java
[2026-04-19T06:19:57Z] [iter=5] HEARTBEAT target_type=call_site elapsed_min=124.6 files_done=43 resolved=284 errors=2846 current=tool/src/org/antlr/v4/codegen/DefaultOutputModelFactory.java
[2026-04-19T06:20:28Z] [iter=5] HEARTBEAT target_type=call_site elapsed_min=125.1 files_done=44 resolved=285 errors=2858 current=runtime-testsuite/test/org/antlr/v4/test/runtime/java/api/TestTokenStream.java
[2026-04-19T06:21:57Z] [iter=5] HEARTBEAT target_type=call_site elapsed_min=126.6 files_done=48 resolved=288 errors=2893 current=tool/src/org/antlr/v4/tool/LeftRecursiveRule.java
[2026-04-19T06:23:06Z] [iter=5] HEARTBEAT target_type=call_site elapsed_min=127.8 files_done=49 resolved=288 errors=2920 current=tool/src/org/antlr/v4/codegen/model/SemPred.java
[2026-04-19T06:23:47Z] [iter=5] HEARTBEAT target_type=call_site elapsed_min=128.4 files_done=50 resolved=288 errors=2936 current=runtime/Java/src/org/antlr/v4/runtime/misc/IntegerList.java
[2026-04-19T06:24:17Z] [iter=5] HEARTBEAT target_type=call_site elapsed_min=129.0 files_done=51 resolved=305 errors=2948 current=tool-testsuite/test/org/antlr/v4/test/tool/TestToolSyntaxErrors.java
[2026-04-19T06:26:14Z] [iter=5] HEARTBEAT target_type=call_site elapsed_min=130.9 files_done=52 resolved=306 errors=2994 current=runtime/Java/src/org/antlr/v4/runtime/atn/PredictionMode.java
[2026-04-19T06:27:51Z] [iter=5] HEARTBEAT target_type=call_site elapsed_min=132.5 files_done=53 resolved=306 errors=3032 current=tool/src/org/antlr/v4/codegen/model/Recognizer.java
[2026-04-19T06:29:02Z] [iter=5] HEARTBEAT target_type=call_site elapsed_min=133.7 files_done=54 resolved=308 errors=3060 current=runtime/Java/src/org/antlr/v4/runtime/misc/DoubleKeyMap.java
[2026-04-19T06:29:33Z] [iter=5] HEARTBEAT target_type=call_site elapsed_min=134.2 files_done=55 resolved=308 errors=3072 current=tool/src/org/antlr/v4/tool/ast/ActionAST.java
[2026-04-19T06:30:13Z] [iter=5] HEARTBEAT target_type=call_site elapsed_min=134.9 files_done=58 resolved=309 errors=3088 current=tool-testsuite/test/org/antlr/v4/test/tool/TestCommonTokenStream.java
[2026-04-19T06:33:02Z] [iter=5] HEARTBEAT target_type=call_site elapsed_min=137.7 files_done=59 resolved=348 errors=3154 current=tool/src/org/antlr/v4/parse/ScopeParser.java
[2026-04-19T06:36:47Z] [iter=5] HEARTBEAT target_type=call_site elapsed_min=141.4 files_done=60 resolved=355 errors=3242 current=runtime/Java/src/org/antlr/v4/runtime/misc/InterpreterDataReader.java
[2026-04-19T06:38:22Z] [iter=5] HEARTBEAT target_type=call_site elapsed_min=143.0 files_done=61 resolved=356 errors=3279 current=tool/src/org/antlr/v4/automata/ATNOptimizer.java
[2026-04-19T06:40:11Z] [iter=5] HEARTBEAT target_type=call_site elapsed_min=144.8 files_done=62 resolved=357 errors=3322 current=runtime-testsuite/test/org/antlr/v4/test/runtime/CustomDescriptors.java
[2026-04-19T06:42:00Z] [iter=5] HEARTBEAT target_type=call_site elapsed_min=146.7 files_done=64 resolved=357 errors=3365 current=runtime/Java/src/org/antlr/v4/runtime/misc/LogManager.java
[2026-04-19T06:43:01Z] [iter=5] HEARTBEAT target_type=call_site elapsed_min=147.7 files_done=65 resolved=360 errors=3389 current=tool/src/org/antlr/v4/codegen/UnicodeEscapes.java
[2026-04-19T06:44:33Z] [iter=5] HEARTBEAT target_type=call_site elapsed_min=149.2 files_done=69 resolved=369 errors=3425 current=tool/src/org/antlr/v4/gui/Interpreter.java
[2026-04-19T06:46:31Z] [iter=5] HEARTBEAT target_type=call_site elapsed_min=151.2 files_done=70 resolved=393 errors=3471 current=tool-testsuite/test/org/antlr/v4/test/tool/TestParserProfiler.java
[2026-04-19T06:47:48Z] [iter=5] HEARTBEAT target_type=call_site elapsed_min=152.5 files_done=71 resolved=417 errors=3501 current=runtime/Java/src/org/antlr/v4/runtime/atn/ArrayPredictionContext.java
[2026-04-19T06:48:31Z] [iter=5] HEARTBEAT target_type=call_site elapsed_min=153.2 files_done=72 resolved=419 errors=3514 current=tool/src/org/antlr/v4/gui/SystemFontMetrics.java
[2026-04-19T06:50:33Z] [iter=5] HEARTBEAT target_type=call_site elapsed_min=155.2 files_done=75 resolved=433 errors=3562 current=runtime/Java/src/org/antlr/v4/runtime/misc/Interval.java
[2026-04-19T06:51:37Z] [iter=5] HEARTBEAT target_type=call_site elapsed_min=156.3 files_done=77 resolved=438 errors=3587 current=tool-testsuite/test/org/antlr/v4/test/tool/ToolTestUtils.java
[2026-04-19T06:53:22Z] [iter=5] HEARTBEAT target_type=call_site elapsed_min=158.0 files_done=78 resolved=447 errors=3628 current=tool-testsuite/test/org/antlr/v4/test/tool/TestBufferedTokenStream.java
[2026-04-19T06:54:53Z] [iter=5] HEARTBEAT target_type=call_site elapsed_min=159.5 files_done=79 resolved=455 errors=3664 current=runtime/Java/src/org/antlr/v4/runtime/tree/AbstractParseTreeVisitor.java
[2026-04-19T06:55:36Z] [iter=5] HEARTBEAT target_type=call_site elapsed_min=160.3 files_done=81 resolved=456 errors=3681 current=tool-testsuite/test/org/antlr/v4/test/tool/TestIntervalSet.java
[2026-04-19T07:03:22Z] [iter=5] HEARTBEAT target_type=call_site elapsed_min=168.0 files_done=82 resolved=512 errors=3864 current=tool/src/org/antlr/v4/tool/ANTLRMessage.java
[2026-04-19T07:04:00Z] [iter=5] HEARTBEAT target_type=call_site elapsed_min=168.7 files_done=83 resolved=513 errors=3879 current=tool/src/org/antlr/v4/analysis/AnalysisPipeline.java
[2026-04-19T07:05:04Z] [iter=5] HEARTBEAT target_type=call_site elapsed_min=169.7 files_done=84 resolved=514 errors=3904 current=tool/src/org/antlr/v4/codegen/CodeGenPipeline.java
[2026-04-19T07:07:34Z] [iter=5] HEARTBEAT target_type=call_site elapsed_min=172.2 files_done=85 resolved=514 errors=3963 current=runtime-testsuite/test/org/antlr/v4/test/runtime/Generator.java
[2026-04-19T07:10:24Z] [iter=5] HEARTBEAT target_type=call_site elapsed_min=175.1 files_done=88 resolved=515 errors=4030 current=runtime/Java/src/org/antlr/v4/runtime/CharStreams.java
[2026-04-19T07:12:37Z] [iter=5] HEARTBEAT target_type=call_site elapsed_min=177.3 files_done=89 resolved=525 errors=4082 current=antlr4-maven-plugin/src/main/java/org/antlr/mojo/antlr4/MojoUtils.java
[2026-04-19T07:14:19Z] [iter=5] HEARTBEAT target_type=call_site elapsed_min=179.0 files_done=92 resolved=528 errors=4122 current=runtime/Java/src/org/antlr/v4/runtime/FailedPredicateException.java
[2026-04-19T07:14:52Z] [iter=5] HEARTBEAT target_type=call_site elapsed_min=179.5 files_done=94 resolved=530 errors=4135 current=tool-testsuite/test/org/antlr/v4/test/tool/ATNDescriber.java
[2026-04-19T07:17:29Z] [iter=5] HEARTBEAT target_type=call_site elapsed_min=182.1 files_done=95 resolved=538 errors=4197 current=tool/src/org/antlr/v4/gui/PostScriptDocument.java
[2026-04-19T07:19:36Z] [iter=5] HEARTBEAT target_type=call_site elapsed_min=184.3 files_done=96 resolved=544 errors=4247 current=runtime-testsuite/test/org/antlr/v4/test/runtime/states/State.java
[2026-04-19T07:20:42Z] [iter=5] HEARTBEAT target_type=call_site elapsed_min=185.4 files_done=99 resolved=546 errors=4273 current=tool-testsuite/test/org/antlr/v4/test/tool/TestLeftRecursionToolIssues.java
[2026-04-19T07:21:45Z] [iter=5] HEARTBEAT target_type=call_site elapsed_min=186.4 files_done=101 resolved=552 errors=4298 current=tool/src/org/antlr/v4/gui/Trees.java
[2026-04-19T07:23:01Z] [iter=5] HEARTBEAT target_type=call_site elapsed_min=187.7 files_done=102 resolved=555 errors=4328 current=tool/src/org/antlr/v4/misc/OrderedHashMap.java
[2026-04-19T07:23:57Z] [iter=5] HEARTBEAT target_type=call_site elapsed_min=188.6 files_done=105 resolved=559 errors=4350 current=tool/src/org/antlr/v4/tool/LabelElementPair.java
[2026-04-19T07:25:21Z] [iter=5] HEARTBEAT target_type=call_site elapsed_min=190.0 files_done=107 resolved=565 errors=4383 current=tool/src/org/antlr/v4/tool/DefaultToolListener.java
[2026-04-19T07:26:01Z] [iter=5] HEARTBEAT target_type=call_site elapsed_min=190.7 files_done=109 resolved=568 errors=4399 current=runtime/Java/src/org/antlr/v4/runtime/atn/PredictionContextCache.java
[2026-04-19T07:26:42Z] [iter=5] HEARTBEAT target_type=call_site elapsed_min=191.4 files_done=111 resolved=569 errors=4415 current=tool-testsuite/test/org/antlr/v4/test/tool/TestBasicSemanticErrors.java
[2026-04-19T07:27:43Z] [iter=5] HEARTBEAT target_type=call_site elapsed_min=192.4 files_done=114 resolved=569 errors=4439 current=runtime-testsuite/test/org/antlr/v4/test/runtime/java/api/TestExpectedTokens.java
[2026-04-19T07:28:21Z] [iter=5] HEARTBEAT target_type=call_site elapsed_min=193.0 files_done=117 resolved=599 errors=4454 current=runtime/Java/src/org/antlr/v4/runtime/atn/PredicateEvalInfo.java
[2026-04-19T07:30:39Z] [iter=5] HEARTBEAT target_type=call_site elapsed_min=195.3 files_done=120 resolved=615 errors=4508 current=tool-testsuite/test/org/antlr/v4/test/tool/TestScopeParsing.java
[2026-04-19T07:31:35Z] [iter=5] HEARTBEAT target_type=call_site elapsed_min=196.2 files_done=122 resolved=616 errors=4530 current=tool/src/org/antlr/v4/tool/DOTGenerator.java
[2026-04-19T07:37:38Z] [iter=5] HEARTBEAT target_type=call_site elapsed_min=202.3 files_done=123 resolved=619 errors=4673 current=tool/src/org/antlr/v4/tool/ast/RuleAST.java
[2026-04-19T07:41:09Z] [iter=5] HEARTBEAT target_type=call_site elapsed_min=205.8 files_done=125 resolved=629 errors=4756 current=tool/src/org/antlr/v4/codegen/CodeGenerator.java
[2026-04-19T07:44:14Z] [iter=5] HEARTBEAT target_type=call_site elapsed_min=208.9 files_done=126 resolved=631 errors=4829 current=runtime/Java/src/org/antlr/v4/runtime/misc/OrderedHashSet.java
[2026-04-19T07:44:57Z] [iter=5] HEARTBEAT target_type=call_site elapsed_min=209.6 files_done=128 resolved=637 errors=4846 current=runtime-testsuite/test/org/antlr/v4/test/runtime/cpp/CppRunner.java
[2026-04-19T07:45:35Z] [iter=5] HEARTBEAT target_type=call_site elapsed_min=210.2 files_done=133 resolved=649 errors=4861 current=tool/src/org/antlr/v4/tool/AttributeDict.java
[2026-04-19T07:46:16Z] [iter=5] HEARTBEAT target_type=call_site elapsed_min=210.9 files_done=134 resolved=650 errors=4877 current=runtime-testsuite/test/org/antlr/v4/test/runtime/states/GeneratedState.java
[2026-04-19T07:46:50Z] [iter=5] HEARTBEAT target_type=call_site elapsed_min=211.5 files_done=137 resolved=650 errors=4890 current=runtime-testsuite/test/org/antlr/v4/test/runtime/typescript/TsNodeRunner.java
[2026-04-19T07:47:25Z] [iter=5] HEARTBEAT target_type=call_site elapsed_min=212.1 files_done=139 resolved=664 errors=4904 current=runtime/Java/src/org/antlr/v4/runtime/DiagnosticErrorListener.java
[2026-04-19T07:48:24Z] [iter=5] HEARTBEAT target_type=call_site elapsed_min=213.1 files_done=140 resolved=670 errors=4923 current=tool/src/org/antlr/v4/codegen/model/decl/AltLabelStructDecl.java
[2026-04-19T07:48:57Z] [iter=5] HEARTBEAT target_type=call_site elapsed_min=213.6 files_done=142 resolved=672 errors=4936 current=tool-testsuite/test/org/antlr/v4/test/tool/TestXPath.java
[2026-04-19T07:49:47Z] [iter=5] HEARTBEAT target_type=call_site elapsed_min=214.5 files_done=143 resolved=675 errors=4956 current=runtime-testsuite/test/org/antlr/v4/test/runtime/TraceATN.java
[2026-04-19T07:51:02Z] [iter=5] HEARTBEAT target_type=call_site elapsed_min=215.7 files_done=146 resolved=679 errors=4985 current=runtime/Java/src/org/antlr/v4/runtime/atn/Transition.java
[2026-04-19T07:51:40Z] [iter=5] HEARTBEAT target_type=call_site elapsed_min=216.3 files_done=149 resolved=693 errors=5000 current=tool/src/org/antlr/v4/codegen/model/InvokeRule.java
[2026-04-19T07:52:49Z] [iter=5] HEARTBEAT target_type=call_site elapsed_min=217.5 files_done=150 resolved=693 errors=5027 current=runtime/Java/src/org/antlr/v4/runtime/tree/ParseTreeWalker.java
[2026-04-19T07:53:22Z] [iter=5] HEARTBEAT target_type=call_site elapsed_min=218.0 files_done=151 resolved=693 errors=5040 current=runtime/Java/src/org/antlr/v4/runtime/atn/ATNDeserializationOptions.java
[2026-04-19T07:53:55Z] [iter=5] HEARTBEAT target_type=call_site elapsed_min=218.6 files_done=153 resolved=693 errors=5053 current=runtime/Java/src/org/antlr/v4/runtime/atn/LexerIndexedCustomAction.java
[2026-04-19T07:54:25Z] [iter=5] HEARTBEAT target_type=call_site elapsed_min=219.1 files_done=155 resolved=693 errors=5065 current=runtime/Java/src/org/antlr/v4/runtime/tree/ParseTreeProperty.java
[2026-04-19T07:55:57Z] [iter=5] HEARTBEAT target_type=call_site elapsed_min=220.6 files_done=158 resolved=696 errors=5101 current=tool/src/org/antlr/v4/codegen/target/CSharpTarget.java
[2026-04-19T07:56:46Z] [iter=5] HEARTBEAT target_type=call_site elapsed_min=221.4 files_done=160 resolved=700 errors=5120 current=runtime/Java/src/org/antlr/v4/runtime/ProxyErrorListener.java
[2026-04-19T07:57:32Z] [iter=5] HEARTBEAT target_type=call_site elapsed_min=222.2 files_done=164 resolved=707 errors=5138 current=runtime/Java/src/org/antlr/v4/runtime/CommonToken.java
[2026-04-19T07:58:35Z] [iter=5] HEARTBEAT target_type=call_site elapsed_min=223.3 files_done=165 resolved=708 errors=5163 current=tool/src/org/antlr/v4/codegen/model/LL1Loop.java
[2026-04-19T07:59:19Z] [iter=5] HEARTBEAT target_type=call_site elapsed_min=224.0 files_done=168 resolved=709 errors=5180 current=tool-testsuite/test/org/antlr/v4/test/tool/TestVocabulary.java
[2026-04-19T07:59:52Z] [iter=5] HEARTBEAT target_type=call_site elapsed_min=224.5 files_done=169 resolved=722 errors=5193 current=runtime/Java/src/org/antlr/v4/runtime/dfa/DFASerializer.java
[2026-04-19T08:00:27Z] [iter=5] HEARTBEAT target_type=call_site elapsed_min=225.1 files_done=170 resolved=723 errors=5207 current=runtime/Java/src/org/antlr/v4/runtime/atn/ParseInfo.java
[2026-04-19T08:01:41Z] [iter=5] HEARTBEAT target_type=call_site elapsed_min=226.3 files_done=172 resolved=725 errors=5236 current=tool-testsuite/test/org/antlr/v4/test/tool/ParserInterpreterForTesting.java
[2026-04-19T08:02:25Z] [iter=5] HEARTBEAT target_type=call_site elapsed_min=227.1 files_done=174 resolved=726 errors=5253 current=tool-testsuite/test/org/antlr/v4/test/tool/TestGrammarParserInterpreter.java
[2026-04-19T08:03:11Z] [iter=5] HEARTBEAT target_type=call_site elapsed_min=227.8 files_done=175 resolved=727 errors=5271 current=runtime/Java/src/org/antlr/v4/runtime/ConsoleErrorListener.java
[2026-04-19T08:03:44Z] [iter=5] HEARTBEAT target_type=call_site elapsed_min=228.4 files_done=178 resolved=729 errors=5284 current=runtime/Java/src/org/antlr/v4/runtime/misc/IntegerStack.java
[2026-04-19T08:04:14Z] [iter=5] HEARTBEAT target_type=call_site elapsed_min=228.9 files_done=180 resolved=729 errors=5296 current=runtime/Java/src/org/antlr/v4/runtime/atn/StarLoopbackState.java
[2026-04-19T08:05:43Z] [iter=5] HEARTBEAT target_type=call_site elapsed_min=230.4 files_done=183 resolved=729 errors=5331 current=runtime/Java/src/org/antlr/v4/runtime/ANTLRInputStream.java
[2026-04-19T08:06:22Z] [iter=5] HEARTBEAT target_type=call_site elapsed_min=231.0 files_done=185 resolved=731 errors=5346 current=tool/src/org/antlr/v4/misc/Utils.java
[2026-04-19T08:08:03Z] [iter=5] HEARTBEAT target_type=call_site elapsed_min=232.7 files_done=186 resolved=738 errors=5386 current=tool/src/org/antlr/v4/tool/LexerGrammar.java
[2026-04-19T08:09:04Z] [iter=5] HEARTBEAT target_type=call_site elapsed_min=233.7 files_done=189 resolved=743 errors=5410 current=tool/src/org/antlr/v4/automata/RangeBorderCharactersData.java
[2026-04-19T08:09:50Z] [iter=5] HEARTBEAT target_type=call_site elapsed_min=234.5 files_done=192 resolved=748 errors=5428 current=tool/src/org/antlr/v4/misc/MutableInt.java
[2026-04-19T08:10:48Z] [iter=5] HEARTBEAT target_type=call_site elapsed_min=235.5 files_done=195 resolved=749 errors=5451 current=tool/src/org/antlr/v4/codegen/model/Lexer.java
[2026-04-19T08:11:24Z] [iter=5] HEARTBEAT target_type=call_site elapsed_min=236.1 files_done=197 resolved=749 errors=5465 current=runtime/Java/src/org/antlr/v4/runtime/atn/LexerActionExecutor.java
[2026-04-19T08:11:57Z] [iter=5] HEARTBEAT target_type=call_site elapsed_min=236.6 files_done=199 resolved=753 errors=5478 current=runtime-testsuite/test/org/antlr/v4/test/runtime/StreamReader.java
[2026-04-19T08:12:58Z] [iter=5] HEARTBEAT target_type=call_site elapsed_min=237.6 files_done=204 resolved=753 errors=5502 current=runtime-testsuite/test/org/antlr/v4/test/runtime/java/TestIntegerList.java
[2026-04-19T08:13:29Z] [iter=5] HEARTBEAT target_type=call_site elapsed_min=238.1 files_done=207 resolved=754 errors=5514 current=tool/src/org/antlr/v4/codegen/target/TypeScriptTarget.java
[2026-04-19T08:14:02Z] [iter=5] HEARTBEAT target_type=call_site elapsed_min=238.7 files_done=214 resolved=758 errors=5527 current=tool/src/org/antlr/v4/gui/BasicFontMetrics.java
[2026-04-19T08:14:48Z] [iter=5] HEARTBEAT target_type=call_site elapsed_min=239.5 files_done=218 resolved=761 errors=5545 current=runtime/Java/src/org/antlr/v4/runtime/LexerInterpreter.java
[2026-04-19T08:15:21Z] [iter=5] CHECKPOINT TRIGGERED elapsed_min=240.0 files_completed=517 new_files_this_iter=220 mem_mb=1890 MB
[2026-04-19T08:15:21Z] [iter=5] Writing partial enrichment graph path=/home/runner/work/forx/forx/storage/aggregate/lsp/bf0bbff4bff0c7fb33704ef7c4699314715efb2c.nq.gz triples=170606
[2026-04-19T08:15:24Z] [iter=5] Checkpoint written, exiting with code 7
[2026-04-19T08:15:24Z] [iter=5] PHASE END: enrich (checkpointed) elapsed_s=14401 elapsed_min=240.0 files_completed=517
