[2026-04-22T02:05:31Z] === ENRICH ITERATION 3 START | repo=antlr/antlr4 sha=cd8f367c ===
[2026-04-22T02:05:31Z] [iter=3] PHASE START: enrich repo=antlr/antlr4 sha=cd8f367c runlog=/home/runner/work/forx/forx/storage/aggregate/lsp/logs/cd8f367c-enrich-iter-003.log output=/home/runner/work/forx/forx/storage/aggregate/lsp/cd8f367ca010eb59defadf3df622793bc3a8afe2.nq.gz
[2026-04-22T02:05:31Z] [iter=3] Step 1: Loading AST into disk-backed store mem_mb=76 MB
[2026-04-22T02:08:07Z] [iter=3] AST store loaded triples=7456343 load_secs=154 mem_mb=956 MB
[2026-04-22T02:08:07Z] [iter=3] Step 2: Finding LSP targets mem_mb=956 MB
[2026-04-22T02:08:28Z] [iter=3] LSP targets found call_sites=45455 imports=6428 extends=1157 implements=0 secs=22
[2026-04-22T02:08:31Z] [iter=3] Loaded checkpoint partial graph triples=74705
[2026-04-22T02:08:51Z] [iter=3] Step 2.7: Building position index (one-shot, shared across resolvers) mem_mb=956 MB
[2026-04-22T02:09:25Z] [iter=3] Position index built positions=505381 nodes_with_types=613248 secs=34 mem_mb=1538 MB
[2026-04-22T02:09:25Z] [iter=3] Step 3: Starting LSP resolution mem_mb=1538 MB already_completed_types=[] already_completed_files=149
[2026-04-22T02:09:25Z] [iter=3] Resolving target type target_type=call_site count=45455
[2026-04-22T02:09:43Z] [iter=3] HEARTBEAT target_type=call_site elapsed_min=4.2 files_done=0 resolved=0 errors=0 current=runtime/Java/src/org/antlr/v4/runtime/Lexer.java
[2026-04-22T02:12:23Z] [iter=3] HEARTBEAT target_type=call_site elapsed_min=6.9 files_done=1 resolved=3 errors=65 current=runtime-testsuite/test/org/antlr/v4/test/runtime/cpp/TestLeftRecursion.java
[2026-04-22T02:13:11Z] [iter=3] HEARTBEAT target_type=call_site elapsed_min=7.7 files_done=6 resolved=3 errors=85 current=tool/src/org/antlr/v4/semantics/SemanticPipeline.java
[2026-04-22T02:16:37Z] [iter=3] HEARTBEAT target_type=call_site elapsed_min=11.1 files_done=7 resolved=3 errors=172 current=tool-testsuite/test/org/antlr/v4/test/tool/TestUnbufferedCharStream.java
[2026-04-22T02:22:58Z] [iter=3] HEARTBEAT target_type=call_site elapsed_min=17.5 files_done=8 resolved=68 errors=333 current=runtime/Java/src/org/antlr/v4/runtime/UnbufferedTokenStream.java
[2026-04-22T02:24:03Z] [iter=3] HEARTBEAT target_type=call_site elapsed_min=18.5 files_done=9 resolved=71 errors=360 current=tool-testsuite/test/org/antlr/v4/test/tool/TestTokenTypeAssignment.java
[2026-04-22T02:25:32Z] [iter=3] HEARTBEAT target_type=call_site elapsed_min=20.0 files_done=10 resolved=85 errors=398 current=tool/src/org/antlr/v4/gui/PostScriptDocument.java
[2026-04-22T02:27:31Z] [iter=3] HEARTBEAT target_type=call_site elapsed_min=22.0 files_done=11 resolved=91 errors=448 current=tool-testsuite/test/org/antlr/v4/test/tool/TestLeftRecursionToolIssues.java
[2026-04-22T02:28:11Z] [iter=3] HEARTBEAT target_type=call_site elapsed_min=22.7 files_done=14 resolved=92 errors=465 current=runtime-testsuite/test/org/antlr/v4/test/runtime/java/TestSemPredEvalLexer.java
[2026-04-22T02:28:41Z] [iter=3] HEARTBEAT target_type=call_site elapsed_min=23.2 files_done=16 resolved=94 errors=478 current=runtime/Java/src/org/antlr/v4/runtime/atn/PredictionContextCache.java
[2026-04-22T02:29:53Z] [iter=3] HEARTBEAT target_type=call_site elapsed_min=24.4 files_done=19 resolved=94 errors=508 current=tool/src/org/antlr/v4/codegen/OutputModelWalker.java
[2026-04-22T02:31:09Z] [iter=3] HEARTBEAT target_type=call_site elapsed_min=25.6 files_done=20 resolved=95 errors=540 current=tool/src/org/antlr/v4/codegen/target/DartTarget.java
[2026-04-22T02:31:44Z] [iter=3] HEARTBEAT target_type=call_site elapsed_min=26.2 files_done=23 resolved=104 errors=555 current=runtime/Java/src/org/antlr/v4/runtime/ANTLRInputStream.java
[2026-04-22T02:34:34Z] [iter=3] HEARTBEAT target_type=call_site elapsed_min=29.1 files_done=25 resolved=106 errors=627 current=runtime/Java/src/org/antlr/v4/runtime/CodePointCharStream.java
[2026-04-22T02:35:17Z] [iter=3] HEARTBEAT target_type=call_site elapsed_min=29.8 files_done=26 resolved=115 errors=645 current=tool-testsuite/test/org/antlr/v4/test/tool/TestCharSupport.java
[2026-04-22T02:36:42Z] [iter=3] HEARTBEAT target_type=call_site elapsed_min=31.2 files_done=27 resolved=151 errors=681 current=runtime/Java/src/org/antlr/v4/runtime/atn/LL1Analyzer.java
[2026-04-22T02:38:24Z] [iter=3] HEARTBEAT target_type=call_site elapsed_min=32.9 files_done=28 resolved=151 errors=724 current=tool-testsuite/test/org/antlr/v4/test/tool/JavaUnicodeInputStream.java
[2026-04-22T02:41:00Z] [iter=3] HEARTBEAT target_type=call_site elapsed_min=35.5 files_done=29 resolved=152 errors=790 current=tool/src/org/antlr/v4/analysis/LeftRecursiveRuleAnalyzer.java
[2026-04-22T02:47:50Z] [iter=3] HEARTBEAT target_type=call_site elapsed_min=42.3 files_done=30 resolved=152 errors=964 current=runtime-testsuite/test/org/antlr/v4/test/runtime/cpp/TestCompositeParsers.java
[2026-04-22T02:48:40Z] [iter=3] HEARTBEAT target_type=call_site elapsed_min=43.2 files_done=36 resolved=154 errors=985 current=tool-testsuite/test/org/antlr/v4/test/tool/TestTopologicalSort.java
[2026-04-22T02:50:12Z] [iter=3] HEARTBEAT target_type=call_site elapsed_min=44.7 files_done=37 resolved=159 errors=1023 current=tool/src/org/antlr/v4/tool/ast/GrammarRootAST.java
[2026-04-22T02:50:50Z] [iter=3] HEARTBEAT target_type=call_site elapsed_min=45.3 files_done=42 resolved=169 errors=1039 current=tool/src/org/antlr/v4/codegen/target/SwiftTarget.java
[2026-04-22T02:51:28Z] [iter=3] HEARTBEAT target_type=call_site elapsed_min=46.0 files_done=45 resolved=175 errors=1055 current=runtime-testsuite/test/org/antlr/v4/test/runtime/java/TestIntegerList.java
[2026-04-22T02:52:32Z] [iter=3] HEARTBEAT target_type=call_site elapsed_min=47.0 files_done=47 resolved=175 errors=1082 current=runtime-testsuite/test/org/antlr/v4/test/runtime/python2/TestSemPredEvalLexer.java
[2026-04-22T02:53:41Z] [iter=3] HEARTBEAT target_type=call_site elapsed_min=48.2 files_done=49 resolved=177 errors=1111 current=runtime/Java/src/org/antlr/v4/runtime/atn/Transition.java
[2026-04-22T02:55:11Z] [iter=3] HEARTBEAT target_type=call_site elapsed_min=49.7 files_done=52 resolved=197 errors=1148 current=runtime/Java/src/org/antlr/v4/runtime/tree/pattern/ParseTreeMatch.java
[2026-04-22T02:56:08Z] [iter=3] HEARTBEAT target_type=call_site elapsed_min=50.6 files_done=56 resolved=200 errors=1172 current=tool-testsuite/test/org/antlr/v4/test/tool/TestBufferedTokenStream.java
[2026-04-22T02:57:37Z] [iter=3] HEARTBEAT target_type=call_site elapsed_min=52.1 files_done=57 resolved=208 errors=1209 current=tool-testsuite/test/org/antlr/v4/test/tool/TestUnicodeGrammar.java
[2026-04-22T02:58:21Z] [iter=3] HEARTBEAT target_type=call_site elapsed_min=52.8 files_done=58 resolved=214 errors=1227 current=tool/src/org/antlr/v4/codegen/target/GoTarget.java
[2026-04-22T03:00:59Z] [iter=3] HEARTBEAT target_type=call_site elapsed_min=55.5 files_done=60 resolved=250 errors=1293 current=runtime/Java/src/org/antlr/v4/runtime/atn/PredictionMode.java
[2026-04-22T03:02:29Z] [iter=3] HEARTBEAT target_type=call_site elapsed_min=57.0 files_done=61 resolved=250 errors=1331 current=runtime/Java/src/org/antlr/v4/runtime/atn/RangeTransition.java
[2026-04-22T03:04:04Z] [iter=3] HEARTBEAT target_type=call_site elapsed_min=58.5 files_done=66 resolved=260 errors=1371 current=runtime/Java/src/org/antlr/v4/runtime/atn/LexerIndexedCustomAction.java
[2026-04-22T03:04:44Z] [iter=3] HEARTBEAT target_type=call_site elapsed_min=59.2 files_done=70 resolved=260 errors=1388 current=tool/src/org/antlr/v4/codegen/target/Python2Target.java
[2026-04-22T03:05:22Z] [iter=3] HEARTBEAT target_type=call_site elapsed_min=59.9 files_done=74 resolved=268 errors=1404 current=runtime/Java/src/org/antlr/v4/runtime/atn/ProfilingATNSimulator.java
[2026-04-22T03:06:26Z] [iter=3] HEARTBEAT target_type=call_site elapsed_min=60.9 files_done=75 resolved=272 errors=1431 current=tool/src/org/antlr/v4/gui/TreePostScriptGenerator.java
[2026-04-22T03:08:06Z] [iter=3] HEARTBEAT target_type=call_site elapsed_min=62.6 files_done=76 resolved=272 errors=1473 current=runtime/Java/src/org/antlr/v4/runtime/tree/xpath/XPathLexer.java
[2026-04-22T03:09:30Z] [iter=3] HEARTBEAT target_type=call_site elapsed_min=64.0 files_done=77 resolved=275 errors=1508 current=tool-testsuite/test/org/antlr/v4/test/tool/TestSymbolIssues.java
[2026-04-22T03:10:38Z] [iter=3] HEARTBEAT target_type=call_site elapsed_min=65.1 files_done=78 resolved=278 errors=1537 current=tool/src/org/antlr/v4/codegen/model/ParserFile.java
[2026-04-22T03:11:32Z] [iter=3] HEARTBEAT target_type=call_site elapsed_min=66.0 files_done=82 resolved=278 errors=1560 current=tool/src/org/antlr/v4/parse/ToolANTLRParser.java
[2026-04-22T03:12:08Z] [iter=3] HEARTBEAT target_type=call_site elapsed_min=66.6 files_done=84 resolved=278 errors=1575 current=runtime-testsuite/test/org/antlr/v4/test/runtime/php/TestListeners.java
[2026-04-22T03:12:48Z] [iter=3] HEARTBEAT target_type=call_site elapsed_min=67.3 files_done=90 resolved=278 errors=1592 current=tool/src/org/antlr/v4/codegen/model/VisitorFile.java
[2026-04-22T03:13:21Z] [iter=3] HEARTBEAT target_type=call_site elapsed_min=67.8 files_done=91 resolved=278 errors=1606 current=tool-testsuite/test/org/antlr/v4/test/tool/TestActionTranslation.java
[2026-04-22T03:14:37Z] [iter=3] HEARTBEAT target_type=call_site elapsed_min=69.1 files_done=95 resolved=281 errors=1638 current=tool/src/org/antlr/v4/semantics/UseDefAnalyzer.java
[2026-04-22T03:15:20Z] [iter=3] HEARTBEAT target_type=call_site elapsed_min=69.8 files_done=96 resolved=281 errors=1656 current=runtime-testsuite/test/org/antlr/v4/test/runtime/python3/TestSemPredEvalParser.java
[2026-04-22T03:16:02Z] [iter=3] HEARTBEAT target_type=call_site elapsed_min=70.5 files_done=103 resolved=281 errors=1674 current=tool/src/org/antlr/v4/tool/LabelElementPair.java
[2026-04-22T03:16:45Z] [iter=3] HEARTBEAT target_type=call_site elapsed_min=71.2 files_done=105 resolved=281 errors=1692 current=runtime-testsuite/test/org/antlr/v4/test/runtime/javascript/TestCompositeLexers.java
[2026-04-22T03:17:37Z] [iter=3] HEARTBEAT target_type=call_site elapsed_min=72.1 files_done=109 resolved=286 errors=1714 current=tool/src/org/antlr/v4/codegen/model/RuleActionFunction.java
[2026-04-22T03:18:41Z] [iter=3] HEARTBEAT target_type=call_site elapsed_min=73.2 files_done=116 resolved=290 errors=1741 current=runtime-testsuite/test/org/antlr/v4/test/runtime/python2/TestListeners.java
[2026-04-22T03:19:40Z] [iter=3] HEARTBEAT target_type=call_site elapsed_min=74.1 files_done=121 resolved=290 errors=1766 current=runtime-testsuite/test/org/antlr/v4/test/runtime/swift/TestParseTrees.java
[2026-04-22T03:20:22Z] [iter=3] HEARTBEAT target_type=call_site elapsed_min=74.9 files_done=123 resolved=295 errors=1784 current=runtime-testsuite/test/org/antlr/v4/test/runtime/php/TestPerformance.java
[2026-04-22T03:21:19Z] [iter=3] HEARTBEAT target_type=call_site elapsed_min=75.8 files_done=128 resolved=297 errors=1808 current=runtime-testsuite/test/org/antlr/v4/test/runtime/go/TestFullContextParsing.java
[2026-04-22T03:22:06Z] [iter=3] HEARTBEAT target_type=call_site elapsed_min=76.6 files_done=131 resolved=299 errors=1828 current=tool/src/org/antlr/v4/parse/ToolANTLRLexer.java
[2026-04-22T03:22:54Z] [iter=3] HEARTBEAT target_type=call_site elapsed_min=77.4 files_done=135 resolved=314 errors=1848 current=runtime-testsuite/test/org/antlr/v4/test/runtime/python2/TestCompositeLexers.java
[2026-04-22T03:23:25Z] [iter=3] HEARTBEAT target_type=call_site elapsed_min=77.9 files_done=138 resolved=322 errors=1861 current=tool/src/org/antlr/v4/tool/ast/SetAST.java
[2026-04-22T03:24:29Z] [iter=3] HEARTBEAT target_type=call_site elapsed_min=79.0 files_done=143 resolved=326 errors=1888 current=runtime/Java/src/org/antlr/v4/runtime/misc/Pair.java
[2026-04-22T03:25:09Z] [iter=3] HEARTBEAT target_type=call_site elapsed_min=79.6 files_done=147 resolved=327 errors=1905 current=tool-testsuite/test/org/antlr/v4/test/tool/TestGrammarParserInterpreter.java
[2026-04-22T03:25:52Z] [iter=3] HEARTBEAT target_type=call_site elapsed_min=80.4 files_done=148 resolved=328 errors=1923 current=tool/src/org/antlr/v4/tool/ast/ActionAST.java
[2026-04-22T03:26:40Z] [iter=3] HEARTBEAT target_type=call_site elapsed_min=81.2 files_done=151 resolved=334 errors=1943 current=tool-testsuite/test/org/antlr/v4/test/tool/TestUnicodeEscapes.java
[2026-04-22T03:27:11Z] [iter=3] HEARTBEAT target_type=call_site elapsed_min=81.7 files_done=152 resolved=335 errors=1956 current=tool/src/org/antlr/v4/tool/ast/GrammarASTErrorNode.java
[2026-04-22T03:27:46Z] [iter=3] HEARTBEAT target_type=call_site elapsed_min=82.3 files_done=160 resolved=344 errors=1971 current=runtime/Java/src/org/antlr/v4/runtime/tree/pattern/ParseTreePattern.java
[2026-04-22T03:28:24Z] [iter=3] HEARTBEAT target_type=call_site elapsed_min=82.9 files_done=164 resolved=344 errors=1987 current=tool/src/org/antlr/v4/misc/OrderedHashMap.java
[2026-04-22T03:29:45Z] [iter=3] HEARTBEAT target_type=call_site elapsed_min=84.2 files_done=166 resolved=348 errors=2021 current=runtime-testsuite/test/org/antlr/v4/test/runtime/python3/TestSemPredEvalLexer.java
[2026-04-22T03:30:37Z] [iter=3] HEARTBEAT target_type=call_site elapsed_min=85.1 files_done=169 resolved=349 errors=2043 current=tool/src/org/antlr/v4/codegen/model/decl/CodeBlock.java
[2026-04-22T03:31:34Z] [iter=3] HEARTBEAT target_type=call_site elapsed_min=86.0 files_done=174 resolved=353 errors=2067 current=runtime/Java/src/org/antlr/v4/runtime/misc/MurmurHash.java
[2026-04-22T03:32:07Z] [iter=3] HEARTBEAT target_type=call_site elapsed_min=86.6 files_done=178 resolved=353 errors=2081 current=runtime-testsuite/test/org/antlr/v4/test/runtime/TestOutputReading.java
[2026-04-22T03:32:52Z] [iter=3] HEARTBEAT target_type=call_site elapsed_min=87.4 files_done=183 resolved=355 errors=2100 current=tool/src/org/antlr/v4/codegen/target/JavaScriptTarget.java
[2026-04-22T03:33:49Z] [iter=3] HEARTBEAT target_type=call_site elapsed_min=88.3 files_done=191 resolved=363 errors=2124 current=runtime-testsuite/test/org/antlr/v4/test/runtime/swift/TestCompositeLexers.java
[2026-04-22T03:34:22Z] [iter=3] HEARTBEAT target_type=call_site elapsed_min=88.9 files_done=199 resolved=364 errors=2138 current=runtime-testsuite/test/org/antlr/v4/test/runtime/dart/TestListeners.java
[2026-04-22T03:34:52Z] [iter=3] HEARTBEAT target_type=call_site elapsed_min=89.4 files_done=204 resolved=366 errors=2151 current=runtime-testsuite/test/org/antlr/v4/test/runtime/swift/TestSemPredEvalLexer.java
[2026-04-22T03:35:28Z] [iter=3] HEARTBEAT target_type=call_site elapsed_min=90.0 files_done=210 resolved=366 errors=2166 current=runtime-testsuite/test/org/antlr/v4/test/runtime/go/TestPerformance.java
[2026-04-22T03:36:28Z] [iter=3] HEARTBEAT target_type=call_site elapsed_min=90.9 files_done=233 resolved=372 errors=2191 current=runtime-testsuite/test/org/antlr/v4/test/runtime/cpp/TestPerformance.java
[2026-04-22T03:36:58Z] [iter=3] HEARTBEAT target_type=call_site elapsed_min=91.5 files_done=243 resolved=372 errors=2204 current=tool-testsuite/test/org/antlr/v4/test/tool/BaseJavaToolTest.java
[2026-04-22T03:37:29Z] [iter=3] HEARTBEAT target_type=call_site elapsed_min=92.0 files_done=244 resolved=373 errors=2217 current=runtime-testsuite/test/org/antlr/v4/test/runtime/python2/TestParseTrees.java
[2026-04-22T03:38:00Z] [iter=3] HEARTBEAT target_type=call_site elapsed_min=92.5 files_done=272 resolved=375 errors=2230 current=tool/src/org/antlr/v4/tool/ast/TerminalAST.java
[2026-04-22T03:38:34Z] [iter=3] HEARTBEAT target_type=call_site elapsed_min=93.1 files_done=295 resolved=377 errors=2244 current=runtime-testsuite/test/org/antlr/v4/test/runtime/javascript/TestSemPredEvalLexer.java
[2026-04-22T03:39:07Z] [iter=3] HEARTBEAT target_type=call_site elapsed_min=93.6 files_done=333 resolved=377 errors=47710 current=runtime/Cpp/runtime/src/atn/ATNDeserializer.cpp
[2026-04-22T03:41:40Z] [iter=3] HEARTBEAT target_type=call_site elapsed_min=96.2 files_done=336 resolved=387 errors=47774 current=runtime/Cpp/runtime/src/atn/ParserATNSimulator.cpp
[2026-04-22T03:45:23Z] [iter=3] HEARTBEAT target_type=call_site elapsed_min=99.9 files_done=339 resolved=390 errors=47868 current=runtime/Cpp/runtime/src/UnbufferedCharStream.cpp
[2026-04-22T03:46:58Z] [iter=3] HEARTBEAT target_type=call_site elapsed_min=101.5 files_done=340 resolved=400 errors=47908 current=runtime/Cpp/runtime/src/atn/PredictionContext.cpp
[2026-04-22T03:47:53Z] [iter=3] HEARTBEAT target_type=call_site elapsed_min=102.4 files_done=342 resolved=411 errors=47931 current=runtime/Cpp/runtime/src/tree/xpath/XPath.cpp
[2026-04-22T03:53:00Z] [iter=3] HEARTBEAT target_type=call_site elapsed_min=107.5 files_done=344 resolved=416 errors=48061 current=runtime/Cpp/runtime/src/DiagnosticErrorListener.cpp
[2026-04-22T03:53:45Z] [iter=3] HEARTBEAT target_type=call_site elapsed_min=108.2 files_done=345 resolved=419 errors=48080 current=runtime/Cpp/runtime/src/misc/Interval.h
[2026-04-22T03:56:18Z] [iter=3] HEARTBEAT target_type=call_site elapsed_min=110.8 files_done=347 resolved=422 errors=48145 current=runtime/Cpp/runtime/src/atn/RuleStopState.h
[2026-04-22T04:02:24Z] [iter=3] HEARTBEAT target_type=call_site elapsed_min=116.9 files_done=350 resolved=427 errors=48300 current=runtime/Cpp/runtime/src/atn/BasicBlockStartState.h
[2026-04-22T04:04:00Z] [iter=3] HEARTBEAT target_type=call_site elapsed_min=118.5 files_done=354 resolved=443 errors=48340 current=runtime/Cpp/runtime/src/atn/ATN.cpp
[2026-04-22T04:04:43Z] [iter=3] HEARTBEAT target_type=call_site elapsed_min=119.2 files_done=362 resolved=444 errors=48358 current=runtime/Cpp/runtime/src/atn/ATNState.h
[2026-04-22T04:05:58Z] [iter=3] HEARTBEAT target_type=call_site elapsed_min=120.4 files_done=364 resolved=454 errors=48389 current=runtime/Cpp/runtime/src/atn/LexerIndexedCustomAction.cpp
[2026-04-22T04:07:01Z] [iter=3] HEARTBEAT target_type=call_site elapsed_min=121.5 files_done=366 resolved=460 errors=48415 current=runtime/Cpp/runtime/src/tree/Trees.cpp
[2026-04-22T04:10:39Z] [iter=3] HEARTBEAT target_type=call_site elapsed_min=125.1 files_done=368 resolved=462 errors=48507 current=runtime/Cpp/runtime/src/tree/ParseTreeWalker.cpp
[2026-04-22T04:11:29Z] [iter=3] HEARTBEAT target_type=call_site elapsed_min=126.0 files_done=373 resolved=464 errors=48528 current=runtime/Cpp/runtime/src/atn/ATNConfigSet.cpp
[2026-04-22T04:14:13Z] [iter=3] HEARTBEAT target_type=call_site elapsed_min=128.7 files_done=376 resolved=465 errors=48597 current=runtime/Cpp/runtime/src/tree/pattern/TagChunk.cpp
[2026-04-22T04:15:29Z] [iter=3] HEARTBEAT target_type=call_site elapsed_min=130.0 files_done=379 resolved=484 errors=48629 current=runtime/Cpp/runtime/src/CommonTokenStream.cpp
[2026-04-22T04:16:03Z] [iter=3] HEARTBEAT target_type=call_site elapsed_min=130.5 files_done=380 resolved=484 errors=48643 current=runtime/Cpp/runtime/src/misc/IntervalSet.cpp
[2026-04-22T04:16:34Z] [iter=3] HEARTBEAT target_type=call_site elapsed_min=131.1 files_done=397 resolved=486 errors=48656 current=runtime/Cpp/runtime/src/tree/ErrorNodeImpl.cpp
[2026-04-22T04:17:12Z] [iter=3] HEARTBEAT target_type=call_site elapsed_min=131.7 files_done=402 resolved=486 errors=48672 current=runtime/Cpp/runtime/src/atn/LexerTypeAction.cpp
[2026-04-22T04:17:47Z] [iter=3] HEARTBEAT target_type=call_site elapsed_min=132.3 files_done=413 resolved=493 errors=48686 current=runtime/Cpp/runtime/src/misc/MurmurHash.cpp
[2026-04-22T04:18:23Z] [iter=3] HEARTBEAT target_type=call_site elapsed_min=132.9 files_done=417 resolved=503 errors=48701 current=runtime/Cpp/runtime/src/atn/DecisionInfo.cpp
[2026-04-22T04:19:03Z] [iter=3] HEARTBEAT target_type=call_site elapsed_min=133.5 files_done=421 resolved=503 errors=48718 current=runtime/Cpp/runtime/src/tree/pattern/RuleTagToken.h
[2026-04-22T04:19:58Z] [iter=3] HEARTBEAT target_type=call_site elapsed_min=134.5 files_done=427 resolved=503 errors=48741 current=runtime/Cpp/runtime/src/LexerInterpreter.cpp
[2026-04-22T04:21:29Z] [iter=3] HEARTBEAT target_type=call_site elapsed_min=136.0 files_done=430 resolved=505 errors=48779 current=runtime/Cpp/runtime/src/tree/pattern/RuleTagToken.cpp
[2026-04-22T04:22:15Z] [iter=3] HEARTBEAT target_type=call_site elapsed_min=136.7 files_done=439 resolved=505 errors=48798 current=runtime/Cpp/runtime/src/atn/PrecedencePredicateTransition.h
[2026-04-22T04:22:53Z] [iter=3] HEARTBEAT target_type=call_site elapsed_min=137.4 files_done=442 resolved=505 errors=48814 current=runtime/Cpp/runtime/src/atn/ActionTransition.cpp
[2026-04-22T04:23:28Z] [iter=3] HEARTBEAT target_type=call_site elapsed_min=137.9 files_done=455 resolved=506 errors=48828 current=runtime/Cpp/runtime/src/atn/AtomTransition.h
[2026-04-22T04:23:59Z] [iter=3] HEARTBEAT target_type=call_site elapsed_min=138.5 files_done=462 resolved=506 errors=48841 current=runtime/Cpp/runtime/src/support/Unicode.h
[2026-04-22T04:24:45Z] [iter=3] HEARTBEAT target_type=call_site elapsed_min=139.2 files_done=471 resolved=506 errors=48860 current=runtime/Cpp/runtime/src/tree/xpath/XPathRuleElement.cpp
[2026-04-22T04:25:21Z] [iter=3] HEARTBEAT target_type=call_site elapsed_min=139.8 files_done=478 resolved=508 errors=48875 current=runtime/Cpp/runtime/src/atn/ContextSensitivityInfo.h
[2026-04-22T04:25:53Z] [iter=3] HEARTBEAT target_type=call_site elapsed_min=140.4 files_done=485 resolved=514 errors=48888 current=runtime/Cpp/runtime/src/atn/SingletonPredictionContext.h
[2026-04-22T04:26:31Z] [iter=3] HEARTBEAT target_type=call_site elapsed_min=141.0 files_done=488 resolved=514 errors=48904 current=runtime/Cpp/runtime/src/atn/SetTransition.h
[2026-04-22T04:27:07Z] [iter=3] HEARTBEAT target_type=call_site elapsed_min=141.6 files_done=496 resolved=515 errors=48919 current=runtime/Cpp/runtime/src/tree/pattern/ParseTreePatternMatcher.h
[2026-04-22T04:27:19Z] [iter=3] CHECKPOINT TRIGGERED elapsed_min=141.8 files_completed=649 new_files_this_iter=500 mem_mb=1570 MB
[2026-04-22T04:27:19Z] [iter=3] Writing partial enrichment graph path=/home/runner/work/forx/forx/storage/aggregate/lsp/cd8f367ca010eb59defadf3df622793bc3a8afe2.nq.gz triples=98325
[2026-04-22T04:27:21Z] [iter=3] Checkpoint written, exiting with code 7
[2026-04-22T04:27:21Z] [iter=3] PHASE END: enrich (checkpointed) elapsed_s=8508 elapsed_min=141.8 files_completed=649
